Component: ARM Compiler 5.06 update 1 (build 61) Tool: armlink [4d35a8]

==============================================================================

Section Cross References

    main.o(.text) refers to move.o(.text) for back
    main.o(.text) refers to delay.o(.text) for delay_ms
    main.o(.text) refers to buzzer.o(.text) for BUZZER
    main.o(.text) refers to scan.o(.text) for mm_scan
    main.o(.text) refers to main.o(.data) for speed_upstage
    main.o(.text) refers to main.o(.bss) for value
    main.o(.text) refers to oled.o(.text) for OLED_ShowNum
    main.o(.text) refers to sys.o(.text) for NVIC_Configuration
    main.o(.text) refers to dma.o(.text) for MYDMA_Config
    main.o(.text) refers to adc.o(.text) for Adc_Init
    main.o(.text) refers to pwm.o(.text) for TIM1_PWM_Init
    main.o(.text) refers to timer.o(.text) for TIM2_Int_Init
    main.o(.text) refers to stm32f10x_gpio.o(.text) for GPIO_ResetBits
    system_stm32f10x.o(.text) refers to system_stm32f10x.o(.data) for SystemCoreClock
    led.o(.text) refers to stm32f10x_rcc.o(.text) for RCC_APB2PeriphClockCmd
    led.o(.text) refers to stm32f10x_gpio.o(.text) for GPIO_Init
    pwm.o(.text) refers to stm32f10x_rcc.o(.text) for RCC_APB2PeriphClockCmd
    pwm.o(.text) refers to stm32f10x_gpio.o(.text) for GPIO_Init
    pwm.o(.text) refers to stm32f10x_tim.o(.text) for TIM_TimeBaseInit
    pwm.o(.text) refers to misc.o(.text) for NVIC_Init
    pwm.o(.text) refers to move.o(.text) for aheadST
    pwm.o(.text) refers to pwm.o(.data) for TIM3CH1_CAPTURE_VAL
    oled.o(.text) refers to stm32f10x_gpio.o(.text) for GPIO_SetBits
    oled.o(.text) refers to stm32f10x_rcc.o(.text) for RCC_APB2PeriphClockCmd
    oled.o(.text) refers to delay.o(.text) for delay_ms
    oled.o(.text) refers to oled.o(.constdata) for F8X16
    oled.o(.text) refers to oled.o(.data) for SSEKJ
    adc.o(.text) refers to stm32f10x_rcc.o(.text) for RCC_APB2PeriphClockCmd
    adc.o(.text) refers to stm32f10x_gpio.o(.text) for GPIO_Init
    adc.o(.text) refers to stm32f10x_adc.o(.text) for ADC_DeInit
    adc.o(.text) refers to delay.o(.text) for delay_ms
    scan.o(.text) refers to stm32f10x_rcc.o(.text) for RCC_APB2PeriphClockCmd
    scan.o(.text) refers to stm32f10x_gpio.o(.text) for GPIO_Init
    scan.o(.text) refers to delay.o(.text) for delay_ms
    buzzer.o(.text) refers to stm32f10x_rcc.o(.text) for RCC_APB2PeriphClockCmd
    buzzer.o(.text) refers to stm32f10x_gpio.o(.text) for GPIO_Init
    buzzer.o(.text) refers to delay.o(.text) for delay_ms
    timer.o(.text) refers to stm32f10x_rcc.o(.text) for RCC_APB1PeriphClockCmd
    timer.o(.text) refers to stm32f10x_tim.o(.text) for TIM_TimeBaseInit
    timer.o(.text) refers to misc.o(.text) for NVIC_Init
    timer.o(.text) refers to timer.o(.data) for lastCount
    timer.o(.text) refers to main.o(.bss) for value
    timer.o(.text) refers to main.o(.data) for temp_z1
    dma.o(.text) refers to stm32f10x_rcc.o(.text) for RCC_AHBPeriphClockCmd
    dma.o(.text) refers to stm32f10x_dma.o(.text) for DMA_DeInit
    dma.o(.text) refers to dma.o(.data) for DMA1_MEM_LEN
    move.o(.text) refers to stm32f10x_tim.o(.text) for TIM_SetCompare1
    move.o(.text) refers to oled.o(.text) for OLED_ShowNum
    move.o(.text) refers to move.o(.data) for MAXPWM
    delay.o(.text) refers to misc.o(.text) for SysTick_CLKSourceConfig
    delay.o(.text) refers to system_stm32f10x.o(.data) for SystemCoreClock
    delay.o(.text) refers to delay.o(.data) for fac_us
    sys.o(.text) refers to misc.o(.text) for NVIC_PriorityGroupConfig
    usart.o(.text) refers (Special) to use_no_semi_2.o(.text) for __use_no_semihosting
    usart.o(.text) refers to stm32f10x_rcc.o(.text) for RCC_APB2PeriphClockCmd
    usart.o(.text) refers to stm32f10x_gpio.o(.text) for GPIO_Init
    usart.o(.text) refers to misc.o(.text) for NVIC_Init
    usart.o(.text) refers to stm32f10x_usart.o(.text) for USART_Init
    usart.o(.text) refers to usart.o(.data) for USART_RX_STA
    usart.o(.text) refers to usart.o(.bss) for USART_RX_BUF
    usart.o(.bss) refers (Special) to use_no_semi_2.o(.text) for __use_no_semihosting
    usart.o(.data) refers (Special) to use_no_semi_2.o(.text) for __use_no_semihosting
    startup_stm32f10x_hd.o(STACK) refers (Special) to heapauxi.o(.text) for __use_two_region_memory
    startup_stm32f10x_hd.o(HEAP) refers (Special) to heapauxi.o(.text) for __use_two_region_memory
    startup_stm32f10x_hd.o(RESET) refers (Special) to heapauxi.o(.text) for __use_two_region_memory
    startup_stm32f10x_hd.o(RESET) refers to startup_stm32f10x_hd.o(STACK) for __initial_sp
    startup_stm32f10x_hd.o(RESET) refers to startup_stm32f10x_hd.o(.text) for Reset_Handler
    startup_stm32f10x_hd.o(RESET) refers to stm32f10x_it.o(.text) for NMI_Handler
    startup_stm32f10x_hd.o(RESET) refers to dma.o(.text) for DMA1_Channel1_IRQHandler
    startup_stm32f10x_hd.o(RESET) refers to timer.o(.text) for TIM2_IRQHandler
[...]
    rtexit.o(.ARM.Collect$$rtexit$$00000000) refers (Special) to rtexit2.o(.ARM.Collect$$rtexit$$00000004) for __rt_exit_exit
    rtexit.o(.ARM.Collect$$rtexit$$00000000) refers (Special) to rtexit2.o(.ARM.Collect$$rtexit$$00000003) for __rt_exit_ls
    rtexit.o(.ARM.Collect$$rtexit$$00000000) refers (Special) to rtexit2.o(.ARM.Collect$$rtexit$$00000002) for __rt_exit_prels_1
    rtexit.o(.ARM.exidx) refers (Special) to rtexit2.o(.ARM.Collect$$rtexit$$00000004) for __rt_exit_exit
    rtexit.o(.ARM.exidx) refers (Special) to rtexit2.o(.ARM.Collect$$rtexit$$00000003) for __rt_exit_ls
    rtexit.o(.ARM.exidx) refers (Special) to rtexit2.o(.ARM.Collect$$rtexit$$00000002) for __rt_exit_prels_1
    rtexit.o(.ARM.exidx) refers to rtexit.o(.ARM.Collect$$rtexit$$00000000) for .ARM.Collect$$rtexit$$00000000
    libinit2.o(.ARM.Collect$$libinit$$00000010) refers to libinit2.o(.ARM.Collect$$libinit$$0000000F) for .ARM.Collect$$libinit$$0000000F
    libinit2.o(.ARM.Collect$$libinit$$00000012) refers to libinit2.o(.ARM.Collect$$libinit$$0000000F) for .ARM.Collect$$libinit$$0000000F
    libinit2.o(.ARM.Collect$$libinit$$00000014) refers to libinit2.o(.ARM.Collect$$libinit$$0000000F) for .ARM.Collect$$libinit$$0000000F
    libinit2.o(.ARM.Collect$$libinit$$00000016) refers to libinit2.o(.ARM.Collect$$libinit$$0000000F) for .ARM.Collect$$libinit$$0000000F
    libinit2.o(.ARM.Collect$$libinit$$00000018) refers to libinit2.o(.ARM.Collect$$libinit$$0000000F) for .ARM.Collect$$libinit$$0000000F
    libinit2.o(.ARM.Collect$$libinit$$00000026) refers to argv_veneer.o(.emb_text) for __ARM_argv_veneer
    libinit2.o(.ARM.Collect$$libinit$$00000027) refers to argv_veneer.o(.emb_text) for __ARM_argv_veneer
    rtexit2.o(.ARM.Collect$$rtexit$$00000003) refers to libshutdown.o(.ARM.Collect$$libshutdown$$00000000) for __rt_lib_shutdown
    rtexit2.o(.ARM.Collect$$rtexit$$00000004) refers to usart.o(.text) for _sys_exit
    rtexit2.o(.ARM.exidx) refers to rtexit2.o(.ARM.Collect$$rtexit$$00000001) for .ARM.Collect$$rtexit$$00000001
    rtexit2.o(.ARM.exidx) refers to rtexit2.o(.ARM.Collect$$rtexit$$00000003) for .ARM.Collect$$rtexit$$00000003
    rtexit2.o(.ARM.exidx) refers to rtexit2.o(.ARM.Collect$$rtexit$$00000004) for .ARM.Collect$$rtexit$$00000004
    argv_veneer.o(.emb_text) refers to no_argv.o(.text) for __ARM_get_argv
    _get_argv_nomalloc.o(.text) refers (Special) to hrguard.o(.text) for __heap_region$guard
    _get_argv_nomalloc.o(.text) refers to defsig_rtmem_outer.o(.text) for __rt_SIGRTMEM
    _get_argv_nomalloc.o(.text) refers to sys_command.o(.text) for _sys_command_string
    libshutdown.o(.ARM.Collect$$libshutdown$$00000000) refers (Special) to libshutdown2.o(.ARM.Collect$$libshutdown$$00000002) for __rt_lib_shutdown_cpp_1
    libshutdown.o(.ARM.Collect$$libshutdown$$00000000) refers (Special) to libshutdown2.o(.ARM.Collect$$libshutdown$$00000007) for __rt_lib_shutdown_fp_trap_1
    libshutdown.o(.ARM.Collect$$libshutdown$$00000000) refers (Special) to libshutdown2.o(.ARM.Collect$$libshutdown$$0000000F) for __rt_lib_shutdown_heap_1
    libshutdown.o(.ARM.Collect$$libshutdown$$00000000) refers (Special) to libshutdown2.o(.ARM.Collect$$libshutdown$$00000010) for __rt_lib_shutdown_return
    libshutdown.o(.ARM.Collect$$libshutdown$$00000000) refers (Special) to libshutdown2.o(.ARM.Collect$$libshutdown$$0000000A) for __rt_lib_shutdown_signal_1
    libshutdown.o(.ARM.Collect$$libshutdown$$00000000) refers (Special) to libshutdown2.o(.ARM.Collect$$libshutdown$$00000004) for __rt_lib_shutdown_stdio_1
    libshutdown.o(.ARM.Collect$$libshutdown$$00000000) refers (Special) to libshutdown2.o(.ARM.Collect$$libshutdown$$0000000C) for __rt_lib_shutdown_user_alloc_1
    sys_command.o(.text) refers (Special) to use_no_semi.o(.text) for __I$use$semihosting
    sys_command.o(.text) refers (Special) to indicate_semi.o(.text) for __semihosting_library_function
    defsig_rtmem_outer.o(.text) refers to defsig_rtmem_inner.o(.text) for __rt_SIGRTMEM_inner
    defsig_rtmem_outer.o(.text) refers to defsig_exit.o(.text) for __sig_exit
    defsig_rtmem_formal.o(.text) refers to rt_raise.o(.text) for __rt_raise
    rt_raise.o(.text) refers to __raise.o(.text) for __raise
    rt_raise.o(.text) refers to usart.o(.text) for _sys_exit
    defsig_exit.o(.text) refers to usart.o(.text) for _sys_exit
    defsig_rtmem_inner.o(.text) refers to defsig_general.o(.text) for __default_signal_display
    __raise.o(.text) refers to defsig.o(CL$$defsig) for __default_signal_handler
    defsig_general.o(.text) refers to sys_wrch.o(.text) for _ttywrch
    sys_wrch.o(.text) refers (Special) to use_no_semi.o(.text) for __I$use$semihosting
    sys_wrch.o(.text) refers (Special) to indicate_semi.o(.text) for __semihosting_library_function
    defsig.o(CL$$defsig) refers to defsig_rtmem_inner.o(.text) for __rt_SIGRTMEM_inner
    defsig_abrt_inner.o(.text) refers to defsig_general.o(.text) for __default_signal_display
    defsig_fpe_inner.o(.text) refers to defsig_general.o(.text) for __default_signal_display
    defsig_rtred_inner.o(.text) refers to defsig_general.o(.text) for __default_signal_display
    defsig_stak_inner.o(.text) refers to defsig_general.o(.text) for __default_signal_display
    defsig_pvfn_inner.o(.text) refers to defsig_general.o(.text) for __default_signal_display
    defsig_cppl_inner.o(.text) refers to defsig_general.o(.text) for __default_signal_display
    defsig_segv_inner.o(.text) refers to defsig_general.o(.text) for __default_signal_display
    defsig_other.o(.text) refers to defsig_general.o(.text) for __default_signal_display


==============================================================================

Removing Unused input sections from the image.

    Removing led.o(.text), (80 bytes).
    Removing adc.o(.bss), (40 bytes).
    Removing sys.o(.emb_text), (6 bytes).
    Removing core_cm3.o(.emb_text), (32 bytes).

4 unused section(s) (total 158 bytes) removed from the image.

==============================================================================

Image Symbol Table

    Local Symbols

    Symbol Name                              Value     Ov Type        Size  Object(Section)

    ../clib/angel/boardlib.s                 0x00000000   Number         0  boardinit3.o ABSOLUTE
    ../clib/angel/boardlib.s                 0x00000000   Number         0  boardinit2.o ABSOLUTE
    ../clib/angel/boardlib.s                 0x00000000   Number         0  boardinit1.o ABSOLUTE
    ../clib/angel/boardlib.s                 0x00000000   Number         0  boardshut.o ABSOLUTE
    ../clib/angel/dclz77c.s                  0x00000000   Number         0  __dclz77c.o ABSOLUTE
    ../clib/angel/handlers.s                 0x00000000   Number         0  __scatter_zi.o ABSOLUTE
    ../clib/angel/kernel.s                   0x00000000   Number         0  rtexit2.o ABSOLUTE
    ../clib/angel/kernel.s                   0x00000000   Number         0  rtexit.o ABSOLUTE
    ../clib/angel/kernel.s                   0x00000000   Number         0  __rtentry.o ABSOLUTE
    ../clib/angel/kernel.s                   0x00000000   Number         0  __rtentry4.o ABSOLUTE
    ../clib/angel/kernel.s                   0x00000000   Number         0  __rtentry2.o ABSOLUTE
    ../clib/angel/rt.s                       0x00000000   Number         0  rt_raise.o ABSOLUTE
    ../clib/angel/scatter.s                  0x00000000   Number         0  __scatter.o ABSOLUTE
    ../clib/angel/startup.s                  0x00000000   Number         0  __main.o ABSOLUTE
    ../clib/angel/sys.s                      0x00000000   Number         0  use_no_semi_2.o ABSOLUTE
    ../clib/angel/sys.s                      0x00000000   Number         0  libspace.o ABSOLUTE
    ../clib/angel/sys.s                      0x00000000   Number         0  indicate_semi.o ABSOLUTE
    ../clib/angel/sys.s                      0x00000000   Number         0  use_no_semi.o ABSOLUTE
    ../clib/angel/sys.s                      0x00000000   Number         0  sys_stackheap_outer.o ABSOLUTE
    ../clib/angel/sysapp.c                   0x00000000   Number         0  sys_command.o ABSOLUTE
    ../clib/angel/sysapp.c                   0x00000000   Number         0  sys_wrch.o ABSOLUTE
    ../clib/armsys.c                         0x00000000   Number         0  _get_argv_nomalloc.o ABSOLUTE
    ../clib/armsys.c                         0x00000000   Number         0  argv_veneer.o ABSOLUTE
    ../clib/armsys.c                         0x00000000   Number         0  argv_veneer.o ABSOLUTE
    ../clib/armsys.c                         0x00000000   Number         0  no_argv.o ABSOLUTE
    ../clib/heapalloc.c                      0x00000000   Number         0  hrguard.o ABSOLUTE
    ../clib/heapaux.c                        0x00000000   Number         0  heapauxi.o ABSOLUTE
    ../clib/libinit.s                        0x00000000   Number         0  libinit.o ABSOLUTE
    ../clib/libinit.s                        0x00000000   Number         0  libshutdown2.o ABSOLUTE
    ../clib/libinit.s                        0x00000000   Number         0  libinit2.o ABSOLUTE
    ../clib/libinit.s                        0x00000000   Number         0  libshutdown.o ABSOLUTE
    ../clib/signal.c                         0x00000000   Number         0  defsig_segv_inner.o ABSOLUTE
    ../clib/signal.c                         0x00000000   Number         0  defsig_fpe_inner.o ABSOLUTE
    ../clib/signal.c                         0x00000000   Number         0  defsig_rtmem_outer.o ABSOLUTE
    ../clib/signal.c                         0x00000000   Number         0  defsig_rtmem_formal.o ABSOLUTE
    ../clib/signal.c                         0x00000000   Number         0  defsig_cppl_inner.o ABSOLUTE
    ../clib/signal.c                         0x00000000   Number         0  defsig_abrt_inner.o ABSOLUTE
    ../clib/signal.c                         0x00000000   Number         0  defsig_exit.o ABSOLUTE
    ../clib/signal.c                         0x00000000   Number         0  defsig_pvfn_inner.o ABSOLUTE
    ../clib/signal.c                         0x00000000   Number         0  __raise.o ABSOLUTE
    ../clib/signal.c                         0x00000000   Number         0  defsig_rtmem_inner.o ABSOLUTE
    ../clib/signal.c                         0x00000000   Number         0  defsig_general.o ABSOLUTE
    ../clib/signal.c                         0x00000000   Number         0  defsig_stak_inner.o ABSOLUTE
    ../clib/signal.c                         0x00000000   Number         0  defsig_other.o ABSOLUTE
    ../clib/signal.c                         0x00000000   Number         0  defsig_rtred_inner.o ABSOLUTE
    ../clib/signal.s                         0x00000000   Number         0  defsig.o ABSOLUTE
    ../clib/stdlib.c                         0x00000000   Number         0  exit.o ABSOLUTE
    ../fplib/fpinit.s                        0x00000000   Number         0  fpinit.o ABSOLUTE
    ..\CORE\core_cm3.c                       0x00000000   Number         0  core_cm3.o ABSOLUTE
    ..\CORE\startup_stm32f10x_hd.s           0x00000000   Number         0  startup_stm32f10x_hd.o ABSOLUTE
    ..\HARDWARE\ADC\adc.c                    0x00000000   Number         0  adc.o ABSOLUTE
    ..\HARDWARE\Buzzer\buzzer.c              0x00000000   Number         0  buzzer.o ABSOLUTE
    ..\HARDWARE\DMA\dma.c                    0x00000000   Number         0  dma.o ABSOLUTE
    ..\HARDWARE\LED\led.c                    0x00000000   Number         0  led.o ABSOLUTE
    ..\HARDWARE\OLED\oled.c                  0x00000000   Number         0  oled.o ABSOLUTE
    ..\HARDWARE\PWM\pwm.c                    0x00000000   Number         0  pwm.o ABSOLUTE
    ..\HARDWARE\SCAN\scan.c                  0x00000000   Number         0  scan.o ABSOLUTE
    ..\HARDWARE\TIMER\timer.c                0x00000000   Number         0  timer.o ABSOLUTE
    ..\HARDWARE\move\move.c                  0x00000000   Number         0  move.o ABSOLUTE
    ..\STM32F10x_FWLib\src\misc.c            0x00000000   Number         0  misc.o ABSOLUTE
    ..\STM32F10x_FWLib\src\stm32f10x_adc.c   0x00000000   Number         0  stm32f10x_adc.o ABSOLUTE
    ..\STM32F10x_FWLib\src\stm32f10x_dma.c   0x00000000   Number         0  stm32f10x_dma.o ABSOLUTE
    ..\STM32F10x_FWLib\src\stm32f10x_gpio.c  0x00000000   Number         0  stm32f10x_gpio.o ABSOLUTE
    ..\STM32F10x_FWLib\src\stm32f10x_rcc.c   0x00000000   Number         0  stm32f10x_rcc.o ABSOLUTE
    ..\STM32F10x_FWLib\src\stm32f10x_tim.c   0x00000000   Number         0  stm32f10x_tim.o ABSOLUTE
    ..\STM32F10x_FWLib\src\stm32f10x_usart.c 0x00000000   Number         0  stm32f10x_usart.o ABSOLUTE
    ..\SYSTEM\delay\delay.c                  0x00000000   Number         0  delay.o ABSOLUTE
    ..\SYSTEM\sys\sys.c                      0x00000000   Number         0  sys.o ABSOLUTE
    ..\SYSTEM\usart\usart.c                  0x00000000   Number         0  usart.o ABSOLUTE
    ..\\CORE\\core_cm3.c                     0x00000000   Number         0  core_cm3.o ABSOLUTE
    ..\\SYSTEM\\sys\\sys.c                   0x00000000   Number         0  sys.o ABSOLUTE
    dc.s                                     0x00000000   Number         0  dc.o ABSOLUTE
    main.c                                   0x00000000   Number         0  main.o ABSOLUTE
    stm32f10x_it.c                           0x00000000   Number         0  stm32f10x_it.o ABSOLUTE
    system_stm32f10x.c                       0x00000000   Number         0  system_stm32f10x.o ABSOLUTE
    RESET                                    0x08000000   Section      304  startup_stm32f10x_hd.o(RESET)
    !!!main                                  0x08000130   Section        8  __main.o(!!!main)
    !!!scatter                               0x08000138   Section       52  __scatter.o(!!!scatter)
    !!dclz77c                                0x0800016c   Section      100  __dclz77c.o(!!dclz77c)
    !!handler_zi                             0x080001d0   Section       28  __scatter_zi.o(!!handler_zi)
    .ARM.Collect$$libinit$$00000000          0x080001ec   Section        2  libinit.o(.ARM.Collect$$libinit$$00000000)
    .ARM.Collect$$libinit$$00000002          0x080001ee   Section        0  libinit2.o(.ARM.Collect$$libinit$$00000002)
    .ARM.Collect$$libinit$$00000004          0x080001ee   Section        0  libinit2.o(.ARM.Collect$$libinit$$00000004)
    .ARM.Collect$$libinit$$0000000A          0x080001ee   Section        0  libinit2.o(.ARM.Collect$$libinit$$0000000A)
    .ARM.Collect$$libinit$$0000000C          0x080001ee   Section        0  libinit2.o(.ARM.Collect$$libinit$$0000000C)
    .ARM.Collect$$libinit$$0000000E          0x080001ee   Section        0  libinit2.o(.ARM.Collect$$libinit$$0000000E)
    .ARM.Collect$$libinit$$00000011          0x080001ee   Section        0  libinit2.o(.ARM.Collect$$libinit$$00000011)
    .ARM.Collect$$libinit$$00000013          0x080001ee   Section        0  libinit2.o(.ARM.Collect$$libinit$$00000013)
    .ARM.Collect$$libinit$$00000015          0x080001ee   Section        0  libinit2.o(.ARM.Collect$$libinit$$00000015)
    .ARM.Collect$$libinit$$00000017          0x080001ee   Section        0  libinit2.o(.ARM.Collect$$libinit$$00000017)
    .ARM.Collect$$libinit$$00000019          0x080001ee   Section        0  libinit2.o(.ARM.Collect$$libinit$$00000019)
    .ARM.Collect$$libinit$$0000001B          0x080001ee   Section        0  libinit2.o(.ARM.Collect$$libinit$$0000001B)
    .ARM.Collect$$libinit$$0000001D          0x080001ee   Section        0  libinit2.o(.ARM.Collect$$libinit$$0000001D)
    .ARM.Collect$$libinit$$0000001F          0x080001ee   Section        0  libinit2.o(.ARM.Collect$$libinit$$0000001F)
    .ARM.Collect$$libinit$$00000021          0x080001ee   Section        0  libinit2.o(.ARM.Collect$$libinit$$00000021)
    .ARM.Collect$$libinit$$00000023          0x080001ee   Section        0  libinit2.o(.ARM.Collect$$libinit$$00000023)
    .ARM.Collect$$libinit$$00000025          0x080001ee   Section        0  libinit2.o(.ARM.Collect$$libinit$$00000025)
    .ARM.Collect$$libinit$$0000002C          0x080001ee   Section        0  libinit2.o(.ARM.Collect$$libinit$$0000002C)
    .ARM.Collect$$libinit$$0000002E          0x080001ee   Section        0  libinit2.o(.ARM.Collect$$libinit$$0000002E)
    .ARM.Collect$$libinit$$00000030          0x080001ee   Section        0  libinit2.o(.ARM.Collect$$libinit$$00000030)
    .ARM.Collect$$libinit$$00000032          0x080001ee   Section        0  libinit2.o(.ARM.Collect$$libinit$$00000032)
    .ARM.Collect$$libinit$$00000033          0x080001ee   Section        2  libinit2.o(.ARM.Collect$$libinit$$00000033)
    .ARM.Collect$$libshutdown$$00000000      0x080001f0   Section        2  libshutdown.o(.ARM.Collect$$libshutdown$$00000000)
    .ARM.Collect$$libshutdown$$00000002      0x080001f2   Section        0  libshutdown2.o(.ARM.Collect$$libshutdown$$00000002)
    .ARM.Collect$$libshutdown$$00000004      0x080001f2   Section        0  libshutdown2.o(.ARM.Collect$$libshutdown$$00000004)
    .ARM.Collect$$libshutdown$$00000007      0x080001f2   Section        0  libshutdown2.o(.ARM.Collect$$libshutdown$$00000007)
    .ARM.Collect$$libshutdown$$0000000A      0x080001f2   Section        0  libshutdown2.o(.ARM.Collect$$libshutdown$$0000000A)
    .ARM.Collect$$libshutdown$$0000000C      0x080001f2   Section        0  libshutdown2.o(.ARM.Collect$$libshutdown$$0000000C)
    .ARM.Collect$$libshutdown$$0000000F      0x080001f2   Section        0  libshutdown2.o(.ARM.Collect$$libshutdown$$0000000F)
    .ARM.Collect$$libshutdown$$00000010      0x080001f2   Section        2  libshutdown2.o(.ARM.Collect$$libshutdown$$00000010)
    .ARM.Collect$$rtentry$$00000000          0x080001f4   Section        0  __rtentry.o(.ARM.Collect$$rtentry$$00000000)
    .ARM.Collect$$rtentry$$00000002          0x080001f4   Section        0  __rtentry2.o(.ARM.Collect$$rtentry$$00000002)
    .ARM.Collect$$rtentry$$00000004          0x080001f4   Section        6  __rtentry4.o(.ARM.Collect$$rtentry$$00000004)
    .ARM.Collect$$rtentry$$00000009          0x080001fa   Section        0  __rtentry2.o(.ARM.Collect$$rtentry$$00000009)
    .ARM.Collect$$rtentry$$0000000A          0x080001fa   Section        4  __rtentry2.o(.ARM.Collect$$rtentry$$0000000A)
    .ARM.Collect$$rtentry$$0000000C          0x080001fe   Section        0  __rtentry2.o(.ARM.Collect$$rtentry$$0000000C)
    .ARM.Collect$$rtentry$$0000000D          0x080001fe   Section        8  __rtentry2.o(.ARM.Collect$$rtentry$$0000000D)
    .ARM.Collect$$rtexit$$00000000           0x08000206   Section        2  rtexit.o(.ARM.Collect$$rtexit$$00000000)
    .ARM.Collect$$rtexit$$00000002           0x08000208   Section        0  rtexit2.o(.ARM.Collect$$rtexit$$00000002)
    .ARM.Collect$$rtexit$$00000003           0x08000208   Section        4  rtexit2.o(.ARM.Collect$$rtexit$$00000003)
    .ARM.Collect$$rtexit$$00000004           0x0800020c   Section        6  rtexit2.o(.ARM.Collect$$rtexit$$00000004)
    .text                                    0x08000214   Section        0  main.o(.text)
    .text                                    0x0800115c   Section        0  system_stm32f10x.o(.text)
    SetSysClockTo72                          0x0800115d   Thumb Code   214  system_stm32f10x.o(.text)
    SetSysClock                              0x08001233   Thumb Code     8  system_stm32f10x.o(.text)
    .text                                    0x0800133c   Section        0  stm32f10x_it.o(.text)
    .text                                    0x08001358   Section        0  pwm.o(.text)
    .text                                    0x08001634   Section        0  oled.o(.text)
    .text                                    0x08001c8c   Section        0  adc.o(.text)
    .text                                    0x08001e6c   Section        0  scan.o(.text)
    .text                                    0x08001f5c   Section        0  buzzer.o(.text)
    .text                                    0x08001ffc   Section        0  timer.o(.text)
    .text                                    0x08002270   Section        0  dma.o(.text)
    .text                                    0x080022e8   Section        0  move.o(.text)
    .text                                    0x080025c4   Section        0  delay.o(.text)
    .text                                    0x08002698   Section        0  sys.o(.text)
    .text                                    0x080026b0   Section        0  usart.o(.text)
    .text                                    0x080027f0   Section       64  startup_stm32f10x_hd.o(.text)
    .text                                    0x08002830   Section        0  stm32f10x_gpio.o(.text)
    .text                                    0x08002b8c   Section        0  stm32f10x_rcc.o(.text)
    .text                                    0x08002f30   Section        0  stm32f10x_usart.o(.text)
    .text                                    0x08003338   Section        0  misc.o(.text)
    .text                                    0x08003414   Section        0  stm32f10x_tim.o(.text)
    TI4_Config                               0x080038bb   Thumb Code   130  stm32f10x_tim.o(.text)
    TI3_Config                               0x0800394f   Thumb Code   122  stm32f10x_tim.o(.text)
    TI2_Config                               0x080039e3   Thumb Code   130  stm32f10x_tim.o(.text)
    TI1_Config                               0x08003a77   Thumb Code   108  stm32f10x_tim.o(.text)
    .text                                    0x08004230   Section        0  stm32f10x_adc.o(.text)
    .text                                    0x08004680   Section        0  stm32f10x_dma.o(.text)
    .text                                    0x080048d4   Section        2  use_no_semi_2.o(.text)
    .text                                    0x080048d6   Section        0  heapauxi.o(.text)
    .text                                    0x080048dc   Section        2  use_no_semi.o(.text)
    .text                                    0x080048de   Section       74  sys_stackheap_outer.o(.text)
    .text                                    0x08004928   Section        0  exit.o(.text)
    .text                                    0x0800493c   Section        8  libspace.o(.text)
    .constdata                               0x08004944   Section     2072  oled.o(.constdata)
    .data                                    0x20000000   Section      256  main.o(.data)
    .data                                    0x20000100   Section       20  system_stm32f10x.o(.data)
    .data                                    0x20000114   Section        4  pwm.o(.data)
    .data                                    0x20000118   Section     5056  oled.o(.data)
    .data                                    0x200014d8   Section       12  timer.o(.data)
    lastCount                                0x200014e0   Data           2  timer.o(.data)
    lastdAngle                               0x200014e2   Data           2  timer.o(.data)
    .data                                    0x200014e4   Section        1  dma.o(.data)
    .data                                    0x200014e8   Section       24  move.o(.data)
    .data                                    0x20001500   Section        4  delay.o(.data)
    fac_us                                   0x20001500   Data           1  delay.o(.data)
    fac_ms                                   0x20001502   Data           2  delay.o(.data)
    .data                                    0x20001504   Section        6  usart.o(.data)
    .data                                    0x2000150a   Section       20  stm32f10x_rcc.o(.data)
    APBAHBPrescTable                         0x2000150a   Data          16  stm32f10x_rcc.o(.data)
    ADCPrescTable                            0x2000151a   Data           4  stm32f10x_rcc.o(.data)
    .bss                                     0x20001520   Section       30  main.o(.bss)
    .bss                                     0x2000153e   Section      200  usart.o(.bss)
    .bss                                     0x20001608   Section       96  libspace.o(.bss)
    HEAP                                     0x20001668   Section      512  startup_stm32f10x_hd.o(HEAP)
    Heap_Mem                                 0x20001668   Data         512  startup_stm32f10x_hd.o(HEAP)
    STACK                                    0x20001868   Section     1024  startup_stm32f10x_hd.o(STACK)
    Stack_Mem                                0x20001868   Data        1024  startup_stm32f10x_hd.o(STACK)
    __initial_sp                             0x20001c68   Data           0  startup_stm32f10x_hd.o(STACK)

    Global Symbols

    Symbol Name                              Value     Ov Type        Size  Object(Section)

    BuildAttributes$$THM_ISAv4$P$D$K$B$S$PE$A:L22UL41UL21$X:L11$S22US41US21$IEEE1$IW$USESV6$~STKCKD$USESV7$~SHL$OSPACE$ROPI$EBA8$UX$STANDARDLIB$REQ8$PRES8$EABIv2 0x00000000   Number         0  anon$$obj.o ABSOLUTE
    __ARM_use_no_argv                        0x00000000   Number         0  main.o ABSOLUTE
    __ARM_exceptions_init                     - Undefined Weak Reference
    __alloca_initialize                       - Undefined Weak Reference
    __arm_preinit_                            - Undefined Weak Reference
    __cpp_initialize__aeabi_                  - Undefined Weak Reference
    __cxa_finalize                            - Undefined Weak Reference
    __rt_locale                               - Undefined Weak Reference
    __sigvec_lookup                           - Undefined Weak Reference
    _atexit_init                              - Undefined Weak Reference
    _call_atexit_fns                          - Undefined Weak Reference
    _clock_init                               - Undefined Weak Reference
    _fp_trap_init                             - Undefined Weak Reference
    _fp_trap_shutdown                         - Undefined Weak Reference
    _get_lc_collate                           - Undefined Weak Reference
    _get_lc_ctype                             - Undefined Weak Reference
    _get_lc_monetary                          - Undefined Weak Reference
    _get_lc_numeric                           - Undefined Weak Reference
    _get_lc_time                              - Undefined Weak Reference
    _getenv_init                              - Undefined Weak Reference
    _handle_redirection                       - Undefined Weak Reference
    _init_alloc                               - Undefined Weak Reference
    _init_user_alloc                          - Undefined Weak Reference
    _initio                                   - Undefined Weak Reference
    _rand_init                                - Undefined Weak Reference
    _signal_finish                            - Undefined Weak Reference
    _signal_init                              - Undefined Weak Reference
    _terminate_alloc                          - Undefined Weak Reference
    _terminate_user_alloc                     - Undefined Weak Reference
    _terminateio                              - Undefined Weak Reference
    __Vectors_Size                           0x00000130   Number         0  startup_stm32f10x_hd.o ABSOLUTE
    __Vectors                                0x08000000   Data           4  startup_stm32f10x_hd.o(RESET)
    __Vectors_End                            0x08000130   Data           0  startup_stm32f10x_hd.o(RESET)
    __main                                   0x08000131   Thumb Code     8  __main.o(!!!main)
    __scatterload                            0x08000139   Thumb Code     0  __scatter.o(!!!scatter)
    __scatterload_rt2                        0x08000139   Thumb Code    44  __scatter.o(!!!scatter)
    __scatterload_rt2_thumb_only             0x08000139   Thumb Code     0  __scatter.o(!!!scatter)
    __scatterload_null                       0x08000147   Thumb Code     0  __scatter.o(!!!scatter)
    __decompress                             0x0800016d   Thumb Code   100  __dclz77c.o(!!dclz77c)
    __decompress2                            0x0800016d   Thumb Code     0  __dclz77c.o(!!dclz77c)
    __scatterload_zeroinit                   0x080001d1   Thumb Code    28  __scatter_zi.o(!!handler_zi)
    __rt_lib_init                            0x080001ed   Thumb Code     0  libinit.o(.ARM.Collect$$libinit$$00000000)
    __rt_lib_init_alloca_1                   0x080001ef   Thumb Code     0  libinit2.o(.ARM.Collect$$libinit$$0000002E)
    __rt_lib_init_argv_1                     0x080001ef   Thumb Code     0  libinit2.o(.ARM.Collect$$libinit$$0000002C)
    __rt_lib_init_atexit_1                   0x080001ef   Thumb Code     0  libinit2.o(.ARM.Collect$$libinit$$0000001B)
    __rt_lib_init_clock_1                    0x080001ef   Thumb Code     0  libinit2.o(.ARM.Collect$$libinit$$00000021)
    __rt_lib_init_cpp_1                      0x080001ef   Thumb Code     0  libinit2.o(.ARM.Collect$$libinit$$00000032)
    __rt_lib_init_exceptions_1               0x080001ef   Thumb Code     0  libinit2.o(.ARM.Collect$$libinit$$00000030)
    __rt_lib_init_fp_1                       0x080001ef   Thumb Code     0  libinit2.o(.ARM.Collect$$libinit$$00000002)
    __rt_lib_init_fp_trap_1                  0x080001ef   Thumb Code     0  libinit2.o(.ARM.Collect$$libinit$$0000001F)
    __rt_lib_init_getenv_1                   0x080001ef   Thumb Code     0  libinit2.o(.ARM.Collect$$libinit$$00000023)
    __rt_lib_init_heap_1                     0x080001ef   Thumb Code     0  libinit2.o(.ARM.Collect$$libinit$$0000000A)
    __rt_lib_init_lc_collate_1               0x080001ef   Thumb Code     0  libinit2.o(.ARM.Collect$$libinit$$00000011)
    __rt_lib_init_lc_ctype_1                 0x080001ef   Thumb Code     0  libinit2.o(.ARM.Collect$$libinit$$00000013)
    __rt_lib_init_lc_monetary_1              0x080001ef   Thumb Code     0  libinit2.o(.ARM.Collect$$libinit$$00000015)
    __rt_lib_init_lc_numeric_1               0x080001ef   Thumb Code     0  libinit2.o(.ARM.Collect$$libinit$$00000017)
    __rt_lib_init_lc_time_1                  0x080001ef   Thumb Code     0  libinit2.o(.ARM.Collect$$libinit$$00000019)
    __rt_lib_init_preinit_1                  0x080001ef   Thumb Code     0  libinit2.o(.ARM.Collect$$libinit$$00000004)
    __rt_lib_init_rand_1                     0x080001ef   Thumb Code     0  libinit2.o(.ARM.Collect$$libinit$$0000000E)
    __rt_lib_init_return                     0x080001ef   Thumb Code     0  libinit2.o(.ARM.Collect$$libinit$$00000033)
    __rt_lib_init_signal_1                   0x080001ef   Thumb Code     0  libinit2.o(.ARM.Collect$$libinit$$0000001D)
    __rt_lib_init_stdio_1                    0x080001ef   Thumb Code     0  libinit2.o(.ARM.Collect$$libinit$$00000025)
    __rt_lib_init_user_alloc_1               0x080001ef   Thumb Code     0  libinit2.o(.ARM.Collect$$libinit$$0000000C)
    __rt_lib_shutdown                        0x080001f1   Thumb Code     0  libshutdown.o(.ARM.Collect$$libshutdown$$00000000)
    __rt_lib_shutdown_cpp_1                  0x080001f3   Thumb Code     0  libshutdown2.o(.ARM.Collect$$libshutdown$$00000002)
    __rt_lib_shutdown_fp_trap_1              0x080001f3   Thumb Code     0  libshutdown2.o(.ARM.Collect$$libshutdown$$00000007)
    __rt_lib_shutdown_heap_1                 0x080001f3   Thumb Code     0  libshutdown2.o(.ARM.Collect$$libshutdown$$0000000F)
    __rt_lib_shutdown_return                 0x080001f3   Thumb Code     0  libshutdown2.o(.ARM.Collect$$libshutdown$$00000010)
    __rt_lib_shutdown_signal_1               0x080001f3   Thumb Code     0  libshutdown2.o(.ARM.Collect$$libshutdown$$0000000A)
    __rt_lib_shutdown_stdio_1                0x080001f3   Thumb Code     0  libshutdown2.o(.ARM.Collect$$libshutdown$$00000004)
    __rt_lib_shutdown_user_alloc_1           0x080001f3   Thumb Code     0  libshutdown2.o(.ARM.Collect$$libshutdown$$0000000C)
    __rt_entry                               0x080001f5   Thumb Code     0  __rtentry.o(.ARM.Collect$$rtentry$$00000000)
    __rt_entry_presh_1                       0x080001f5   Thumb Code     0  __rtentry2.o(.ARM.Collect$$rtentry$$00000002)
    __rt_entry_sh                            0x080001f5   Thumb Code     0  __rtentry4.o(.ARM.Collect$$rtentry$$00000004)
    __rt_entry_li                            0x080001fb   Thumb Code     0  __rtentry2.o(.ARM.Collect$$rtentry$$0000000A)
    __rt_entry_postsh_1                      0x080001fb   Thumb Code     0  __rtentry2.o(.ARM.Collect$$rtentry$$00000009)
    __rt_entry_main                          0x080001ff   Thumb Code     0  __rtentry2.o(.ARM.Collect$$rtentry$$0000000D)
    __rt_entry_postli_1                      0x080001ff   Thumb Code     0  __rtentry2.o(.ARM.Collect$$rtentry$$0000000C)
    __rt_exit                                0x08000207   Thumb Code     0  rtexit.o(.ARM.Collect$$rtexit$$00000000)
    __rt_exit_ls                             0x08000209   Thumb Code     0  rtexit2.o(.ARM.Collect$$rtexit$$00000003)
    __rt_exit_prels_1                        0x08000209   Thumb Code     0  rtexit2.o(.ARM.Collect$$rtexit$$00000002)
    __rt_exit_exit                           0x0800020d   Thumb Code     0  rtexit2.o(.ARM.Collect$$rtexit$$00000004)
    UP_stage                                 0x08000215   Thumb Code    22  main.o(.text)
    understage_move                          0x0800022b   Thumb Code   544  main.o(.text)
    bianyuanshibiex                          0x0800044b   Thumb Code   570  main.o(.text)
    understage_onstage_ide                   0x08000685   Thumb Code   410  main.o(.text)
    data_filter                              0x0800081f   Thumb Code   300  main.o(.text)
    show                                     0x0800094b   Thumb Code   762  main.o(.text)
    speed_init                               0x08000c45   Thumb Code   142  main.o(.text)
    huodejianzhi                             0x08000cd3   Thumb Code   132  main.o(.text)
    set_num                                  0x08000d57   Thumb Code   448  main.o(.text)
    main                                     0x08000f17   Thumb Code   198  main.o(.text)
    delay                                    0x08000fdd   Thumb Code    50  main.o(.text)
    set_led                                  0x0800100f   Thumb Code   284  main.o(.text)
    SystemInit                               0x0800123b   Thumb Code    78  system_stm32f10x.o(.text)
    SystemCoreClockUpdate                    0x08001289   Thumb Code   142  system_stm32f10x.o(.text)
    NMI_Handler                              0x0800133d   Thumb Code     2  stm32f10x_it.o(.text)
    HardFault_Handler                        0x0800133f   Thumb Code     4  stm32f10x_it.o(.text)
    MemManage_Handler                        0x08001343   Thumb Code     4  stm32f10x_it.o(.text)
    BusFault_Handler                         0x08001347   Thumb Code     4  stm32f10x_it.o(.text)
    UsageFault_Handler                       0x0800134b   Thumb Code     4  stm32f10x_it.o(.text)
    SVC_Handler                              0x0800134f   Thumb Code     2  stm32f10x_it.o(.text)
    DebugMon_Handler                         0x08001351   Thumb Code     2  stm32f10x_it.o(.text)
    PendSV_Handler                           0x08001353   Thumb Code     2  stm32f10x_it.o(.text)
    SysTick_Handler                          0x08001355   Thumb Code     2  stm32f10x_it.o(.text)
    TIM1_PWM_Init                            0x08001359   Thumb Code   258  pwm.o(.text)
    TIM3_PWM_Init                            0x0800145b   Thumb Code   198  pwm.o(.text)
    TIM3_IRQHandler                          0x08001521   Thumb Code    56  pwm.o(.text)
    TIM4_PWM_Init                            0x08001559   Thumb Code   192  pwm.o(.text)
    OLED_WR_Byte                             0x08001635   Thumb Code   126  oled.o(.text)
    OLED_Set_Pos                             0x080016b3   Thumb Code    46  oled.o(.text)
    OLED_Display_On                          0x080016e1   Thumb Code    28  oled.o(.text)
    OLED_Display_Off                         0x080016fd   Thumb Code    28  oled.o(.text)
    OLED_Clear                               0x08001719   Thumb Code    64  oled.o(.text)
    OLED_ShowChar                            0x08001759   Thumb Code   106  oled.o(.text)
    oled_pow                                 0x080017c3   Thumb Code    22  oled.o(.text)
    OLED_ShowNum                             0x080017d9   Thumb Code   132  oled.o(.text)
    OLED_ShowString                          0x0800185d   Thumb Code    54  oled.o(.text)
    OLED_ShowCHinese                         0x08001893   Thumb Code   132  oled.o(.text)
    OLED_DrawBMP                             0x08001917   Thumb Code   118  oled.o(.text)
    OLED_Init                                0x0800198d   Thumb Code   352  oled.o(.text)
    logo                                     0x08001aed   Thumb Code    84  oled.o(.text)
    speed_normalx                            0x08001b41   Thumb Code   110  oled.o(.text)
    speed_enemyx                             0x08001baf   Thumb Code   110  oled.o(.text)
    speed_upstagex                           0x08001c1d   Thumb Code   110  oled.o(.text)
    Adc_Init                                 0x08001c8d   Thumb Code   370  adc.o(.text)
    Get_Adc                                  0x08001dff   Thumb Code    46  adc.o(.text)
    Get_Adc_Average                          0x08001e2d   Thumb Code    46  adc.o(.text)
    mm_scan_GPIO_Config                      0x08001e6d   Thumb Code   164  scan.o(.text)
    mm_scan                                  0x08001f11   Thumb Code    24  scan.o(.text)
    key_get                                  0x08001f29   Thumb Code    40  scan.o(.text)
    BUZZER_GPIO_Config                       0x08001f5d   Thumb Code    76  buzzer.o(.text)
    BUZZER                                   0x08001fa9   Thumb Code    30  buzzer.o(.text)
    song                                     0x08001fc7   Thumb Code    44  buzzer.o(.text)
    TIM2_Int_Init                            0x08001ffd   Thumb Code    92  timer.o(.text)
    ENC_Get_Electrical_Angle                 0x08002059   Thumb Code    84  timer.o(.text)
    TIM2_IRQHandler                          0x080020ad   Thumb Code    30  timer.o(.text)
    TIM5_Int_Init                            0x080020cb   Thumb Code    80  timer.o(.text)
    TIM5_IRQHandler                          0x0800211b   Thumb Code   254  timer.o(.text)
    MYDMA_Config                             0x08002271   Thumb Code    86  dma.o(.text)
    DMA1_Channel1_IRQHandler                 0x080022c7   Thumb Code    24  dma.o(.text)
    allahead                                 0x080022e9   Thumb Code   106  move.o(.text)
    ahead                                    0x08002353   Thumb Code   106  move.o(.text)
    stop                                     0x080023bd   Thumb Code    36  move.o(.text)
    back                                     0x080023e1   Thumb Code   116  move.o(.text)
    right                                    0x08002455   Thumb Code   106  move.o(.text)
    left                                     0x080024bf   Thumb Code   106  move.o(.text)
    backST                                   0x08002529   Thumb Code    70  move.o(.text)
    aheadST                                  0x0800256f   Thumb Code    70  move.o(.text)
    delay_init                               0x080025c5   Thumb Code    50  delay.o(.text)
    delay_us                                 0x080025f7   Thumb Code    72  delay.o(.text)
    delay_ms                                 0x0800263f   Thumb Code    72  delay.o(.text)
    WFI_SET                                  0x08002699   Thumb Code     4  sys.o(.text)
    INTX_DISABLE                             0x0800269d   Thumb Code     4  sys.o(.text)
    INTX_ENABLE                              0x080026a1   Thumb Code     4  sys.o(.text)
    NVIC_Configuration                       0x080026a5   Thumb Code    12  sys.o(.text)
    _sys_exit                                0x080026b1   Thumb Code     6  usart.o(.text)
    fputc                                    0x080026b7   Thumb Code    24  usart.o(.text)
    uart_init                                0x080026cf   Thumb Code   152  usart.o(.text)
    USART1_IRQHandler                        0x08002767   Thumb Code   122  usart.o(.text)
    Reset_Handler                            0x080027f1   Thumb Code     8  startup_stm32f10x_hd.o(.text)
    ADC1_2_IRQHandler                        0x0800280b   Thumb Code     0  startup_stm32f10x_hd.o(.text)
    ADC3_IRQHandler                          0x0800280b   Thumb Code     0  startup_stm32f10x_hd.o(.text)
    CAN1_RX1_IRQHandler                      0x0800280b   Thumb Code     0  startup_stm32f10x_hd.o(.text)
    CAN1_SCE_IRQHandler                      0x0800280b   Thumb Code     0  startup_stm32f10x_hd.o(.text)
    DMA1_Channel2_IRQHandler                 0x0800280b   Thumb Code     0  startup_stm32f10x_hd.o(.text)
    DMA1_Channel3_IRQHandler                 0x0800280b   Thumb Code     0  startup_stm32f10x_hd.o(.text)
    DMA1_Channel4_IRQHandler                 0x0800280b   Thumb Code     0  startup_stm32f10x_hd.o(.text)
    DMA1_Channel5_IRQHandler                 0x0800280b   Thumb Code     0  startup_stm32f10x_hd.o(.text)
    DMA1_Channel6_IRQHandler                 0x0800280b   Thumb Code     0  startup_stm32f10x_hd.o(.text)
    DMA1_Channel7_IRQHandler                 0x0800280b   Thumb Code     0  startup_stm32f10x_hd.o(.text)
    DMA2_Channel1_IRQHandler                 0x0800280b   Thumb Code     0  startup_stm32f10x_hd.o(.text)
    DMA2_Channel2_IRQHandler                 0x0800280b   Thumb Code     0  startup_stm32f10x_hd.o(.text)
    DMA2_Channel3_IRQHandler                 0x0800280b   Thumb Code     0  startup_stm32f10x_hd.o(.text)
    DMA2_Channel4_5_IRQHandler               0x0800280b   Thumb Code     0  startup_stm32f10x_hd.o(.text)
    EXTI0_IRQHandler                         0x0800280b   Thumb Code     0  startup_stm32f10x_hd.o(.text)
    EXTI15_10_IRQHandler                     0x0800280b   Thumb Code     0  startup_stm32f10x_hd.o(.text)
    EXTI1_IRQHandler                         0x0800280b   Thumb Code     0  startup_stm32f10x_hd.o(.text)
    EXTI2_IRQHandler                         0x0800280b   Thumb Code     0  startup_stm32f10x_hd.o(.text)
    EXTI3_IRQHandler                         0x0800280b   Thumb Code     0  startup_stm32f10x_hd.o(.text)
    EXTI4_IRQHandler                         0x0800280b   Thumb Code     0  startup_stm32f10x_hd.o(.text)
    EXTI9_5_IRQHandler                       0x0800280b   Thumb Code     0  startup_stm32f10x_hd.o(.text)
    FLASH_IRQHandler                         0x0800280b   Thumb Code     0  startup_stm32f10x_hd.o(.text)
    FSMC_IRQHandler                          0x0800280b   Thumb Code     0  startup_stm32f10x_hd.o(.text)
    I2C1_ER_IRQHandler                       0x0800280b   Thumb Code     0  startup_stm32f10x_hd.o(.text)
    I2C1_EV_IRQHandler                       0x0800280b   Thumb Code     0  startup_stm32f10x_hd.o(.text)
    I2C2_ER_IRQHandler                       0x0800280b   Thumb Code     0  startup_stm32f10x_hd.o(.text)
    I2C2_EV_IRQHandler                       0x0800280b   Thumb Code     0  startup_stm32f10x_hd.o(.text)
    PVD_IRQHandler                           0x0800280b   Thumb Code     0  startup_stm32f10x_hd.o(.text)
    RCC_IRQHandler                           0x0800280b   Thumb Code     0  startup_stm32f10x_hd.o(.text)
    RTCAlarm_IRQHandler                      0x0800280b   Thumb Code     0  startup_stm32f10x_hd.o(.text)
    RTC_IRQHandler                           0x0800280b   Thumb Code     0  startup_stm32f10x_hd.o(.text)
    SDIO_IRQHandler                          0x0800280b   Thumb Code     0  startup_stm32f10x_hd.o(.text)
    SPI1_IRQHandler                          0x0800280b   Thumb Code     0  startup_stm32f10x_hd.o(.text)
    SPI2_IRQHandler                          0x0800280b   Thumb Code     0  startup_stm32f10x_hd.o(.text)
    SPI3_IRQHandler                          0x0800280b   Thumb Code     0  startup_stm32f10x_hd.o(.text)
    TAMPER_IRQHandler                        0x0800280b   Thumb Code     0  startup_stm32f10x_hd.o(.text)
    TIM1_BRK_IRQHandler                      0x0800280b   Thumb Code     0  startup_stm32f10x_hd.o(.text)
    TIM1_CC_IRQHandler                       0x0800280b   Thumb Code     0  startup_stm32f10x_hd.o(.text)
    TIM1_TRG_COM_IRQHandler                  0x0800280b   Thumb Code     0  startup_stm32f10x_hd.o(.text)
    TIM1_UP_IRQHandler                       0x0800280b   Thumb Code     0  startup_stm32f10x_hd.o(.text)
    TIM4_IRQHandler                          0x0800280b   Thumb Code     0  startup_stm32f10x_hd.o(.text)
    TIM6_IRQHandler                          0x0800280b   Thumb Code     0  startup_stm32f10x_hd.o(.text)
    TIM7_IRQHandler                          0x0800280b   Thumb Code     0  startup_stm32f10x_hd.o(.text)
    TIM8_BRK_IRQHandler                      0x0800280b   Thumb Code     0  startup_stm32f10x_hd.o(.text)
    TIM8_CC_IRQHandler                       0x0800280b   Thumb Code     0  startup_stm32f10x_hd.o(.text)
    TIM8_TRG_COM_IRQHandler                  0x0800280b   Thumb Code     0  startup_stm32f10x_hd.o(.text)
    TIM8_UP_IRQHandler                       0x0800280b   Thumb Code     0  startup_stm32f10x_hd.o(.text)
    UART4_IRQHandler                         0x0800280b   Thumb Code     0  startup_stm32f10x_hd.o(.text)
    UART5_IRQHandler                         0x0800280b   Thumb Code     0  startup_stm32f10x_hd.o(.text)
    USART2_IRQHandler                        0x0800280b   Thumb Code     0  startup_stm32f10x_hd.o(.text)
    USART3_IRQHandler                        0x0800280b   Thumb Code     0  startup_stm32f10x_hd.o(.text)
    USBWakeUp_IRQHandler                     0x0800280b   Thumb Code     0  startup_stm32f10x_hd.o(.text)
    USB_HP_CAN1_TX_IRQHandler                0x0800280b   Thumb Code     0  startup_stm32f10x_hd.o(.text)
    USB_LP_CAN1_RX0_IRQHandler               0x0800280b   Thumb Code     0  startup_stm32f10x_hd.o(.text)
    WWDG_IRQHandler                          0x0800280b   Thumb Code     0  startup_stm32f10x_hd.o(.text)
    __user_initial_stackheap                 0x0800280d   Thumb Code     0  startup_stm32f10x_hd.o(.text)
    GPIO_DeInit                              0x08002831   Thumb Code   172  stm32f10x_gpio.o(.text)
    GPIO_AFIODeInit                          0x080028dd   Thumb Code    20  stm32f10x_gpio.o(.text)
    GPIO_Init                                0x080028f1   Thumb Code   278  stm32f10x_gpio.o(.text)
    GPIO_StructInit                          0x08002a07   Thumb Code    16  stm32f10x_gpio.o(.text)
    GPIO_ReadInputDataBit                    0x08002a17   Thumb Code    18  stm32f10x_gpio.o(.text)
    GPIO_ReadInputData                       0x08002a29   Thumb Code     8  stm32f10x_gpio.o(.text)
    GPIO_ReadOutputDataBit                   0x08002a31   Thumb Code    18  stm32f10x_gpio.o(.text)
    GPIO_ReadOutputData                      0x08002a43   Thumb Code     8  stm32f10x_gpio.o(.text)
    GPIO_SetBits                             0x08002a4b   Thumb Code     4  stm32f10x_gpio.o(.text)
    GPIO_ResetBits                           0x08002a4f   Thumb Code     4  stm32f10x_gpio.o(.text)
    GPIO_WriteBit                            0x08002a53   Thumb Code    10  stm32f10x_gpio.o(.text)
    GPIO_Write                               0x08002a5d   Thumb Code     4  stm32f10x_gpio.o(.text)
    GPIO_PinLockConfig                       0x08002a61   Thumb Code    18  stm32f10x_gpio.o(.text)
    GPIO_EventOutputConfig                   0x08002a73   Thumb Code    26  stm32f10x_gpio.o(.text)
    GPIO_EventOutputCmd                      0x08002a8d   Thumb Code     6  stm32f10x_gpio.o(.text)
    GPIO_PinRemapConfig                      0x08002a93   Thumb Code   138  stm32f10x_gpio.o(.text)
    GPIO_EXTILineConfig                      0x08002b1d   Thumb Code    66  stm32f10x_gpio.o(.text)
    GPIO_ETH_MediaInterfaceConfig            0x08002b5f   Thumb Code     8  stm32f10x_gpio.o(.text)
    RCC_DeInit                               0x08002b8d   Thumb Code    64  stm32f10x_rcc.o(.text)
    RCC_HSEConfig                            0x08002bcd   Thumb Code    70  stm32f10x_rcc.o(.text)
    RCC_GetFlagStatus                        0x08002c13   Thumb Code    56  stm32f10x_rcc.o(.text)
    RCC_WaitForHSEStartUp                    0x08002c4b   Thumb Code    56  stm32f10x_rcc.o(.text)
    RCC_AdjustHSICalibrationValue            0x08002c83   Thumb Code    20  stm32f10x_rcc.o(.text)
    RCC_HSICmd                               0x08002c97   Thumb Code     6  stm32f10x_rcc.o(.text)
    RCC_PLLConfig                            0x08002c9d   Thumb Code    24  stm32f10x_rcc.o(.text)
    RCC_PLLCmd                               0x08002cb5   Thumb Code     6  stm32f10x_rcc.o(.text)
    RCC_SYSCLKConfig                         0x08002cbb   Thumb Code    18  stm32f10x_rcc.o(.text)
    RCC_GetSYSCLKSource                      0x08002ccd   Thumb Code    10  stm32f10x_rcc.o(.text)
    RCC_HCLKConfig                           0x08002cd7   Thumb Code    18  stm32f10x_rcc.o(.text)
    RCC_PCLK1Config                          0x08002ce9   Thumb Code    18  stm32f10x_rcc.o(.text)
    RCC_PCLK2Config                          0x08002cfb   Thumb Code    20  stm32f10x_rcc.o(.text)
    RCC_ITConfig                             0x08002d0f   Thumb Code    26  stm32f10x_rcc.o(.text)
    RCC_USBCLKConfig                         0x08002d29   Thumb Code     8  stm32f10x_rcc.o(.text)
    RCC_ADCCLKConfig                         0x08002d31   Thumb Code    18  stm32f10x_rcc.o(.text)
    RCC_LSEConfig                            0x08002d43   Thumb Code    50  stm32f10x_rcc.o(.text)
    RCC_LSICmd                               0x08002d75   Thumb Code     6  stm32f10x_rcc.o(.text)
    RCC_RTCCLKConfig                         0x08002d7b   Thumb Code    12  stm32f10x_rcc.o(.text)
    RCC_RTCCLKCmd                            0x08002d87   Thumb Code     8  stm32f10x_rcc.o(.text)
    RCC_GetClocksFreq                        0x08002d8f   Thumb Code   192  stm32f10x_rcc.o(.text)
    RCC_AHBPeriphClockCmd                    0x08002e4f   Thumb Code    26  stm32f10x_rcc.o(.text)
    RCC_APB2PeriphClockCmd                   0x08002e69   Thumb Code    26  stm32f10x_rcc.o(.text)
    RCC_APB1PeriphClockCmd                   0x08002e83   Thumb Code    26  stm32f10x_rcc.o(.text)
    RCC_APB2PeriphResetCmd                   0x08002e9d   Thumb Code    26  stm32f10x_rcc.o(.text)
    RCC_APB1PeriphResetCmd                   0x08002eb7   Thumb Code    26  stm32f10x_rcc.o(.text)
    RCC_BackupResetCmd                       0x08002ed1   Thumb Code     8  stm32f10x_rcc.o(.text)
    RCC_ClockSecuritySystemCmd               0x08002ed9   Thumb Code     6  stm32f10x_rcc.o(.text)
    RCC_MCOConfig                            0x08002edf   Thumb Code     6  stm32f10x_rcc.o(.text)
    RCC_ClearFlag                            0x08002ee5   Thumb Code    14  stm32f10x_rcc.o(.text)
    RCC_GetITStatus                          0x08002ef3   Thumb Code    20  stm32f10x_rcc.o(.text)
    RCC_ClearITPendingBit                    0x08002f07   Thumb Code     6  stm32f10x_rcc.o(.text)
    USART_DeInit                             0x08002f31   Thumb Code   134  stm32f10x_usart.o(.text)
    USART_Init                               0x08002fb7   Thumb Code   210  stm32f10x_usart.o(.text)
    USART_StructInit                         0x08003089   Thumb Code    24  stm32f10x_usart.o(.text)
    USART_ClockInit                          0x080030a1   Thumb Code    34  stm32f10x_usart.o(.text)
    USART_ClockStructInit                    0x080030c3   Thumb Code    12  stm32f10x_usart.o(.text)
    USART_Cmd                                0x080030cf   Thumb Code    24  stm32f10x_usart.o(.text)
    USART_ITConfig                           0x080030e7   Thumb Code    74  stm32f10x_usart.o(.text)
    USART_DMACmd                             0x08003131   Thumb Code    18  stm32f10x_usart.o(.text)
    USART_SetAddress                         0x08003143   Thumb Code    18  stm32f10x_usart.o(.text)
    USART_WakeUpConfig                       0x08003155   Thumb Code    18  stm32f10x_usart.o(.text)
    USART_ReceiverWakeUpCmd                  0x08003167   Thumb Code    24  stm32f10x_usart.o(.text)
    USART_LINBreakDetectLengthConfig         0x0800317f   Thumb Code    18  stm32f10x_usart.o(.text)
    USART_LINCmd                             0x08003191   Thumb Code    24  stm32f10x_usart.o(.text)
    USART_SendData                           0x080031a9   Thumb Code     8  stm32f10x_usart.o(.text)
    USART_ReceiveData                        0x080031b1   Thumb Code    10  stm32f10x_usart.o(.text)
    USART_SendBreak                          0x080031bb   Thumb Code    10  stm32f10x_usart.o(.text)
    USART_SetGuardTime                       0x080031c5   Thumb Code    16  stm32f10x_usart.o(.text)
    USART_SetPrescaler                       0x080031d5   Thumb Code    16  stm32f10x_usart.o(.text)
    USART_SmartCardCmd                       0x080031e5   Thumb Code    24  stm32f10x_usart.o(.text)
    USART_SmartCardNACKCmd                   0x080031fd   Thumb Code    24  stm32f10x_usart.o(.text)
    USART_HalfDuplexCmd                      0x08003215   Thumb Code    24  stm32f10x_usart.o(.text)
    USART_OverSampling8Cmd                   0x0800322d   Thumb Code    22  stm32f10x_usart.o(.text)
    USART_OneBitMethodCmd                    0x08003243   Thumb Code    24  stm32f10x_usart.o(.text)
    USART_IrDAConfig                         0x0800325b   Thumb Code    18  stm32f10x_usart.o(.text)
    USART_IrDACmd                            0x0800326d   Thumb Code    24  stm32f10x_usart.o(.text)
    USART_GetFlagStatus                      0x08003285   Thumb Code    26  stm32f10x_usart.o(.text)
    USART_ClearFlag                          0x0800329f   Thumb Code    18  stm32f10x_usart.o(.text)
    USART_GetITStatus                        0x080032b1   Thumb Code    84  stm32f10x_usart.o(.text)
    USART_ClearITPendingBit                  0x08003305   Thumb Code    52  stm32f10x_usart.o(.text)
    NVIC_PriorityGroupConfig                 0x08003339   Thumb Code    10  misc.o(.text)
    NVIC_Init                                0x08003343   Thumb Code   100  misc.o(.text)
    NVIC_SetVectorTable                      0x080033a7   Thumb Code    14  misc.o(.text)
    NVIC_SystemLPConfig                      0x080033b5   Thumb Code    34  misc.o(.text)
    SysTick_CLKSourceConfig                  0x080033d7   Thumb Code    40  misc.o(.text)
    TIM_DeInit                               0x08003415   Thumb Code   424  stm32f10x_tim.o(.text)
    TIM_TimeBaseInit                         0x080035bd   Thumb Code   122  stm32f10x_tim.o(.text)
    TIM_OC1Init                              0x08003637   Thumb Code   132  stm32f10x_tim.o(.text)
    TIM_OC2Init                              0x080036bb   Thumb Code   154  stm32f10x_tim.o(.text)
    TIM_OC3Init                              0x08003755   Thumb Code   150  stm32f10x_tim.o(.text)
    TIM_OC4Init                              0x080037eb   Thumb Code   182  stm32f10x_tim.o(.text)
    TIM_SetIC4Prescaler                      0x080038a1   Thumb Code    26  stm32f10x_tim.o(.text)
    TIM_SetIC3Prescaler                      0x0800393d   Thumb Code    18  stm32f10x_tim.o(.text)
    TIM_SetIC2Prescaler                      0x080039c9   Thumb Code    26  stm32f10x_tim.o(.text)
    TIM_SetIC1Prescaler                      0x08003a65   Thumb Code    18  stm32f10x_tim.o(.text)
    TIM_ICInit                               0x08003ae3   Thumb Code   150  stm32f10x_tim.o(.text)
    TIM_PWMIConfig                           0x08003b79   Thumb Code   124  stm32f10x_tim.o(.text)
    TIM_BDTRConfig                           0x08003bf5   Thumb Code    32  stm32f10x_tim.o(.text)
    TIM_TimeBaseStructInit                   0x08003c15   Thumb Code    18  stm32f10x_tim.o(.text)
    TIM_OCStructInit                         0x08003c27   Thumb Code    20  stm32f10x_tim.o(.text)
    TIM_ICStructInit                         0x08003c3b   Thumb Code    18  stm32f10x_tim.o(.text)
    TIM_BDTRStructInit                       0x08003c4d   Thumb Code    40  stm32f10x_tim.o(.text)
    TIM_Cmd                                  0x08003c75   Thumb Code    24  stm32f10x_tim.o(.text)
    TIM_CtrlPWMOutputs                       0x08003c8d   Thumb Code    30  stm32f10x_tim.o(.text)
    TIM_ITConfig                             0x08003cab   Thumb Code    18  stm32f10x_tim.o(.text)
    TIM_GenerateEvent                        0x08003cbd   Thumb Code     4  stm32f10x_tim.o(.text)
    TIM_DMAConfig                            0x08003cc1   Thumb Code    10  stm32f10x_tim.o(.text)
    TIM_DMACmd                               0x08003ccb   Thumb Code    18  stm32f10x_tim.o(.text)
    TIM_InternalClockConfig                  0x08003cdd   Thumb Code    12  stm32f10x_tim.o(.text)
    TIM_SelectInputTrigger                   0x08003ce9   Thumb Code    18  stm32f10x_tim.o(.text)
    TIM_ITRxExternalClockConfig              0x08003cfb   Thumb Code    24  stm32f10x_tim.o(.text)
    TIM_TIxExternalClockConfig               0x08003d13   Thumb Code    62  stm32f10x_tim.o(.text)
    TIM_ETRConfig                            0x08003d51   Thumb Code    28  stm32f10x_tim.o(.text)
    TIM_ETRClockMode1Config                  0x08003d6d   Thumb Code    54  stm32f10x_tim.o(.text)
    TIM_ETRClockMode2Config                  0x08003da3   Thumb Code    32  stm32f10x_tim.o(.text)
    TIM_PrescalerConfig                      0x08003dc3   Thumb Code     6  stm32f10x_tim.o(.text)
    TIM_CounterModeConfig                    0x08003dc9   Thumb Code    18  stm32f10x_tim.o(.text)
    TIM_EncoderInterfaceConfig               0x08003ddb   Thumb Code    66  stm32f10x_tim.o(.text)
    TIM_ForcedOC1Config                      0x08003e1d   Thumb Code    18  stm32f10x_tim.o(.text)
    TIM_ForcedOC2Config                      0x08003e2f   Thumb Code    26  stm32f10x_tim.o(.text)
    TIM_ForcedOC3Config                      0x08003e49   Thumb Code    18  stm32f10x_tim.o(.text)
    TIM_ForcedOC4Config                      0x08003e5b   Thumb Code    26  stm32f10x_tim.o(.text)
    TIM_ARRPreloadConfig                     0x08003e75   Thumb Code    24  stm32f10x_tim.o(.text)
    TIM_SelectCOM                            0x08003e8d   Thumb Code    24  stm32f10x_tim.o(.text)
    TIM_SelectCCDMA                          0x08003ea5   Thumb Code    24  stm32f10x_tim.o(.text)
    TIM_CCPreloadControl                     0x08003ebd   Thumb Code    24  stm32f10x_tim.o(.text)
    TIM_OC1PreloadConfig                     0x08003ed5   Thumb Code    18  stm32f10x_tim.o(.text)
    TIM_OC2PreloadConfig                     0x08003ee7   Thumb Code    26  stm32f10x_tim.o(.text)
    TIM_OC3PreloadConfig                     0x08003f01   Thumb Code    18  stm32f10x_tim.o(.text)
    TIM_OC4PreloadConfig                     0x08003f13   Thumb Code    26  stm32f10x_tim.o(.text)
    TIM_OC1FastConfig                        0x08003f2d   Thumb Code    18  stm32f10x_tim.o(.text)
    TIM_OC2FastConfig                        0x08003f3f   Thumb Code    26  stm32f10x_tim.o(.text)
    TIM_OC3FastConfig                        0x08003f59   Thumb Code    18  stm32f10x_tim.o(.text)
    TIM_OC4FastConfig                        0x08003f6b   Thumb Code    26  stm32f10x_tim.o(.text)
    TIM_ClearOC1Ref                          0x08003f85   Thumb Code    18  stm32f10x_tim.o(.text)
    TIM_ClearOC2Ref                          0x08003f97   Thumb Code    24  stm32f10x_tim.o(.text)
    TIM_ClearOC3Ref                          0x08003faf   Thumb Code    18  stm32f10x_tim.o(.text)
    TIM_ClearOC4Ref                          0x08003fc1   Thumb Code    24  stm32f10x_tim.o(.text)
    TIM_OC1PolarityConfig                    0x08003fd9   Thumb Code    18  stm32f10x_tim.o(.text)
    TIM_OC1NPolarityConfig                   0x08003feb   Thumb Code    18  stm32f10x_tim.o(.text)
    TIM_OC2PolarityConfig                    0x08003ffd   Thumb Code    26  stm32f10x_tim.o(.text)
    TIM_OC2NPolarityConfig                   0x08004017   Thumb Code    26  stm32f10x_tim.o(.text)
    TIM_OC3PolarityConfig                    0x08004031   Thumb Code    26  stm32f10x_tim.o(.text)
    TIM_OC3NPolarityConfig                   0x0800404b   Thumb Code    26  stm32f10x_tim.o(.text)
    TIM_OC4PolarityConfig                    0x08004065   Thumb Code    26  stm32f10x_tim.o(.text)
    TIM_CCxCmd                               0x0800407f   Thumb Code    30  stm32f10x_tim.o(.text)
    TIM_CCxNCmd                              0x0800409d   Thumb Code    30  stm32f10x_tim.o(.text)
    TIM_SelectOCxM                           0x080040bb   Thumb Code    82  stm32f10x_tim.o(.text)
    TIM_UpdateDisableConfig                  0x0800410d   Thumb Code    24  stm32f10x_tim.o(.text)
    TIM_UpdateRequestConfig                  0x08004125   Thumb Code    24  stm32f10x_tim.o(.text)
    TIM_SelectHallSensor                     0x0800413d   Thumb Code    24  stm32f10x_tim.o(.text)
    TIM_SelectOnePulseMode                   0x08004155   Thumb Code    18  stm32f10x_tim.o(.text)
    TIM_SelectOutputTrigger                  0x08004167   Thumb Code    18  stm32f10x_tim.o(.text)
    TIM_SelectSlaveMode                      0x08004179   Thumb Code    18  stm32f10x_tim.o(.text)
    TIM_SelectMasterSlaveMode                0x0800418b   Thumb Code    18  stm32f10x_tim.o(.text)
    TIM_SetCounter                           0x0800419d   Thumb Code     4  stm32f10x_tim.o(.text)
    TIM_SetAutoreload                        0x080041a1   Thumb Code     4  stm32f10x_tim.o(.text)
    TIM_SetCompare1                          0x080041a5   Thumb Code     4  stm32f10x_tim.o(.text)
    TIM_SetCompare2                          0x080041a9   Thumb Code     4  stm32f10x_tim.o(.text)
    TIM_SetCompare3                          0x080041ad   Thumb Code     4  stm32f10x_tim.o(.text)
    TIM_SetCompare4                          0x080041b1   Thumb Code     6  stm32f10x_tim.o(.text)
    TIM_SetClockDivision                     0x080041b7   Thumb Code    18  stm32f10x_tim.o(.text)
    TIM_GetCapture1                          0x080041c9   Thumb Code     6  stm32f10x_tim.o(.text)
    TIM_GetCapture2                          0x080041cf   Thumb Code     6  stm32f10x_tim.o(.text)
    TIM_GetCapture3                          0x080041d5   Thumb Code     6  stm32f10x_tim.o(.text)
    TIM_GetCapture4                          0x080041db   Thumb Code     8  stm32f10x_tim.o(.text)
    TIM_GetCounter                           0x080041e3   Thumb Code     6  stm32f10x_tim.o(.text)
    TIM_GetPrescaler                         0x080041e9   Thumb Code     6  stm32f10x_tim.o(.text)
    TIM_GetFlagStatus                        0x080041ef   Thumb Code    18  stm32f10x_tim.o(.text)
    TIM_ClearFlag                            0x08004201   Thumb Code     6  stm32f10x_tim.o(.text)
    TIM_GetITStatus                          0x08004207   Thumb Code    34  stm32f10x_tim.o(.text)
    TIM_ClearITPendingBit                    0x08004229   Thumb Code     6  stm32f10x_tim.o(.text)
    ADC_DeInit                               0x08004231   Thumb Code    78  stm32f10x_adc.o(.text)
    ADC_Init                                 0x0800427f   Thumb Code    70  stm32f10x_adc.o(.text)
    ADC_StructInit                           0x080042c5   Thumb Code    18  stm32f10x_adc.o(.text)
    ADC_Cmd                                  0x080042d7   Thumb Code    22  stm32f10x_adc.o(.text)
    ADC_DMACmd                               0x080042ed   Thumb Code    22  stm32f10x_adc.o(.text)
    ADC_ITConfig                             0x08004303   Thumb Code    24  stm32f10x_adc.o(.text)
    ADC_ResetCalibration                     0x0800431b   Thumb Code    10  stm32f10x_adc.o(.text)
    ADC_GetResetCalibrationStatus            0x08004325   Thumb Code    20  stm32f10x_adc.o(.text)
    ADC_StartCalibration                     0x08004339   Thumb Code    10  stm32f10x_adc.o(.text)
    ADC_GetCalibrationStatus                 0x08004343   Thumb Code    20  stm32f10x_adc.o(.text)
    ADC_SoftwareStartConvCmd                 0x08004357   Thumb Code    22  stm32f10x_adc.o(.text)
    ADC_GetSoftwareStartConvStatus           0x0800436d   Thumb Code    20  stm32f10x_adc.o(.text)
    ADC_DiscModeChannelCountConfig           0x08004381   Thumb Code    24  stm32f10x_adc.o(.text)
    ADC_DiscModeCmd                          0x08004399   Thumb Code    22  stm32f10x_adc.o(.text)
    ADC_RegularChannelConfig                 0x080043af   Thumb Code   184  stm32f10x_adc.o(.text)
    ADC_ExternalTrigConvCmd                  0x08004467   Thumb Code    22  stm32f10x_adc.o(.text)
    ADC_GetConversionValue                   0x0800447d   Thumb Code     8  stm32f10x_adc.o(.text)
    ADC_GetDualModeConversionValue           0x08004485   Thumb Code     8  stm32f10x_adc.o(.text)
    ADC_AutoInjectedConvCmd                  0x0800448d   Thumb Code    22  stm32f10x_adc.o(.text)
    ADC_InjectedDiscModeCmd                  0x080044a3   Thumb Code    22  stm32f10x_adc.o(.text)
    ADC_ExternalTrigInjectedConvConfig       0x080044b9   Thumb Code    16  stm32f10x_adc.o(.text)
    ADC_ExternalTrigInjectedConvCmd          0x080044c9   Thumb Code    22  stm32f10x_adc.o(.text)
    ADC_SoftwareStartInjectedConvCmd         0x080044df   Thumb Code    22  stm32f10x_adc.o(.text)
    ADC_GetSoftwareStartInjectedConvCmdStatus 0x080044f5   Thumb Code    20  stm32f10x_adc.o(.text)
    ADC_InjectedChannelConfig                0x08004509   Thumb Code   130  stm32f10x_adc.o(.text)
    ADC_InjectedSequencerLengthConfig        0x0800458b   Thumb Code    24  stm32f10x_adc.o(.text)
    ADC_SetInjectedOffset                    0x080045a3   Thumb Code    20  stm32f10x_adc.o(.text)
    ADC_GetInjectedConversionValue           0x080045b7   Thumb Code    28  stm32f10x_adc.o(.text)
    ADC_AnalogWatchdogCmd                    0x080045d3   Thumb Code    16  stm32f10x_adc.o(.text)
    ADC_AnalogWatchdogThresholdsConfig       0x080045e3   Thumb Code     6  stm32f10x_adc.o(.text)
    ADC_AnalogWatchdogSingleChannelConfig    0x080045e9   Thumb Code    16  stm32f10x_adc.o(.text)
    ADC_TempSensorVrefintCmd                 0x080045f9   Thumb Code    64  stm32f10x_adc.o(.text)
    ADC_GetFlagStatus                        0x08004639   Thumb Code    18  stm32f10x_adc.o(.text)
    ADC_ClearFlag                            0x0800464b   Thumb Code     6  stm32f10x_adc.o(.text)
    ADC_GetITStatus                          0x08004651   Thumb Code    36  stm32f10x_adc.o(.text)
    ADC_ClearITPendingBit                    0x08004675   Thumb Code    10  stm32f10x_adc.o(.text)
    DMA_DeInit                               0x08004681   Thumb Code   324  stm32f10x_dma.o(.text)
    DMA_Init                                 0x080047c5   Thumb Code    60  stm32f10x_dma.o(.text)
    DMA_StructInit                           0x08004801   Thumb Code    26  stm32f10x_dma.o(.text)
    DMA_Cmd                                  0x0800481b   Thumb Code    24  stm32f10x_dma.o(.text)
    DMA_ITConfig                             0x08004833   Thumb Code    18  stm32f10x_dma.o(.text)
    DMA_SetCurrDataCounter                   0x08004845   Thumb Code     4  stm32f10x_dma.o(.text)
    DMA_GetCurrDataCounter                   0x08004849   Thumb Code     8  stm32f10x_dma.o(.text)
    DMA_GetFlagStatus                        0x08004851   Thumb Code    40  stm32f10x_dma.o(.text)
    DMA_ClearFlag                            0x08004879   Thumb Code    22  stm32f10x_dma.o(.text)
    DMA_GetITStatus                          0x0800488f   Thumb Code    40  stm32f10x_dma.o(.text)
    DMA_ClearITPendingBit                    0x080048b7   Thumb Code    22  stm32f10x_dma.o(.text)
    __use_no_semihosting                     0x080048d5   Thumb Code     2  use_no_semi_2.o(.text)
    __use_two_region_memory                  0x080048d7   Thumb Code     2  heapauxi.o(.text)
    __rt_heap_escrow$2region                 0x080048d9   Thumb Code     2  heapauxi.o(.text)
    __rt_heap_expand$2region                 0x080048db   Thumb Code     2  heapauxi.o(.text)
    __I$use$semihosting                      0x080048dd   Thumb Code     0  use_no_semi.o(.text)
    __use_no_semihosting_swi                 0x080048dd   Thumb Code     2  use_no_semi.o(.text)
    __user_setup_stackheap                   0x080048df   Thumb Code    74  sys_stackheap_outer.o(.text)
    exit                                     0x08004929   Thumb Code    18  exit.o(.text)
    __user_libspace                          0x0800493d   Thumb Code     8  libspace.o(.text)
    __user_perproc_libspace                  0x0800493d   Thumb Code     0  libspace.o(.text)
    __user_perthread_libspace                0x0800493d   Thumb Code     0  libspace.o(.text)
    F6x8                                     0x08004944   Data         552  oled.o(.constdata)
    F8X16                                    0x08004b6c   Data        1520  oled.o(.constdata)
    Region$$Table$$Base                      0x0800515c   Number         0  anon$$obj.o(Region$$Table)
    Region$$Table$$Limit                     0x0800517c   Number         0  anon$$obj.o(Region$$Table)
    temp_z1                                  0x20000000   Data           4  main.o(.data)
    temp_z2                                  0x20000004   Data           4  main.o(.data)
    temp_z3                                  0x20000008   Data           4  main.o(.data)
    temp_z4                                  0x2000000c   Data           4  main.o(.data)
    temp_z5                                  0x20000010   Data           4  main.o(.data)
    temp_z6                                  0x20000014   Data           4  main.o(.data)
    temp_y1                                  0x20000018   Data           4  main.o(.data)
    temp_y2                                  0x2000001c   Data           4  main.o(.data)
    temp_y3                                  0x20000020   Data           4  main.o(.data)
    temp_y4                                  0x20000024   Data           4  main.o(.data)
    temp_y5                                  0x20000028   Data           4  main.o(.data)
    temp_y6                                  0x2000002c   Data           4  main.o(.data)
    temp_Qz                                  0x20000030   Data           4  main.o(.data)
    temp_Hz                                  0x20000034   Data           4  main.o(.data)
    temp_back_H                              0x20000038   Data           4  main.o(.data)
    temp_back_H1                             0x2000003c   Data           4  main.o(.data)
    THRE_VALUE                               0x20000040   Data           4  main.o(.data)
    mm1                                      0x20000044   Data           1  main.o(.data)
    mm2                                      0x20000045   Data           1  main.o(.data)
    mm2last                                  0x20000046   Data           1  main.o(.data)
    mm3                                      0x20000047   Data           1  main.o(.data)
    mm4                                      0x20000048   Data           1  main.o(.data)
    key                                      0x20000049   Data           1  main.o(.data)
    avr_mm2                                  0x2000004a   Data           1  main.o(.data)
    key_flag                                 0x2000004b   Data           1  main.o(.data)
    front_flag                               0x2000004c   Data           1  main.o(.data)
    left_flag                                0x2000004d   Data           1  main.o(.data)
    right_flag                               0x2000004e   Data           1  main.o(.data)
    back_flag                                0x2000004f   Data           1  main.o(.data)
    except_left_flag                         0x20000050   Data           1  main.o(.data)
    except_right_flag                        0x20000051   Data           1  main.o(.data)
    except_front_flag                        0x20000052   Data           1  main.o(.data)
    except_back_flag                         0x20000053   Data           1  main.o(.data)
    location_flag                            0x20000054   Data           1  main.o(.data)
    allaheadflag                             0x20000055   Data           1  main.o(.data)
    backflag                                 0x20000056   Data           1  main.o(.data)
    backflag1                                0x20000057   Data           1  main.o(.data)
    ltxback                                  0x20000058   Data           1  main.o(.data)
    ltxahead                                 0x20000059   Data           1  main.o(.data)
    ltsbin                                   0x2000005a   Data           1  main.o(.data)
    enemyflag                                0x2000005b   Data           1  main.o(.data)
    yj                                       0x2000005c   Data           4  main.o(.data)
    zj                                       0x20000060   Data           4  main.o(.data)
    ot                                       0x20000064   Data           4  main.o(.data)
    speed_upstage                            0x20000068   Data           4  main.o(.data)
    chr                                      0x2000006c   Data           4  main.o(.data)
    chr1                                     0x20000070   Data          13  main.o(.data)
    chr2                                     0x2000007d   Data           7  main.o(.data)
    chr3                                     0x20000084   Data           6  main.o(.data)
    chr4                                     0x2000008a   Data          14  main.o(.data)
    chr5                                     0x20000098   Data           8  main.o(.data)
    x1                                       0x200000a0   Data           4  main.o(.data)
    i                                        0x200000a4   Data           4  main.o(.data)
    speed_normal                             0x200000a8   Data           4  main.o(.data)
    speed_enemy                              0x200000ac   Data           4  main.o(.data)
    xj                                       0x200000b0   Data           4  main.o(.data)
    kp                                       0x200000b4   Data           4  main.o(.data)
    kd                                       0x200000b8   Data           4  main.o(.data)
    lasttime                                 0x200000bc   Data           4  main.o(.data)
    apwm                                     0x200000c0   Data           4  main.o(.data)
    expectspeed                              0x200000c4   Data           4  main.o(.data)
    error                                    0x200000c8   Data           4  main.o(.data)
    key_num                                  0x200000cc   Data           4  main.o(.data)
    up_stage_delay                           0x200000d0   Data           4  main.o(.data)
    enemy_monitor                            0x200000d4   Data           4  main.o(.data)
    understage_enemy                         0x200000d8   Data           4  main.o(.data)
    circle                                   0x200000dc   Data           4  main.o(.data)
    attack_flag                              0x200000e0   Data           4  main.o(.data)
    qizi_on_off                              0x200000e4   Data           4  main.o(.data)
    check45_PWM                              0x200000e8   Data           4  main.o(.data)
    check90_PWM                              0x200000ec   Data           4  main.o(.data)
    check45_TIME                             0x200000f0   Data           4  main.o(.data)
    check90_TIME                             0x200000f4   Data           4  main.o(.data)
    checkback_PWM                            0x200000f8   Data           4  main.o(.data)
    checkback_TIME                           0x200000fc   Data           4  main.o(.data)
    SystemCoreClock                          0x20000100   Data           4  system_stm32f10x.o(.data)
    AHBPrescTable                            0x20000104   Data          16  system_stm32f10x.o(.data)
    TIM3CH1_CAPTURE_VAL                      0x20000114   Data           4  pwm.o(.data)
    Hzk                                      0x20000118   Data         448  oled.o(.data)
    zgmhd                                    0x200002d8   Data        1216  oled.o(.data)
    zgmhdx                                   0x20000798   Data        1536  oled.o(.data)
    SSEKJ                                    0x20000d98   Data        1152  oled.o(.data)
    chinesex                                 0x20001218   Data         704  oled.o(.data)
    zheng_or_fan                             0x200014d8   Data           1  timer.o(.data)
    time                                     0x200014dc   Data           4  timer.o(.data)
    DMA1_MEM_LEN                             0x200014e4   Data           1  dma.o(.data)
    GROUP                                    0x200014e8   Data           4  move.o(.data)
    a                                        0x200014ec   Data           4  move.o(.data)
    b                                        0x200014f0   Data           4  move.o(.data)
    c                                        0x200014f4   Data           4  move.o(.data)
    d                                        0x200014f8   Data           4  move.o(.data)
    MAXPWM                                   0x200014fc   Data           4  move.o(.data)
    __stdout                                 0x20001504   Data           4  usart.o(.data)
    USART_RX_STA                             0x20001508   Data           2  usart.o(.data)
    value                                    0x20001520   Data          30  main.o(.bss)
    USART_RX_BUF                             0x2000153e   Data         200  usart.o(.bss)
    __libspace_start                         0x20001608   Data          96  libspace.o(.bss)
    __temporary_stack_top$libspace           0x20001668   Data           0  libspace.o(.bss)



==============================================================================

Memory Map of the image

  Image Entry point : 0x08000131

  Load Region LR_IROM1 (Base: 0x08000000, Size: 0x0000669c, Max: 0x00080000, ABSOLUTE, COMPRESSED[0x0000595c])

    Execution Region ER_IROM1 (Exec base: 0x08000000, Load base: 0x08000000, Size: 0x0000517c, Max: 0x00080000, ABSOLUTE)

    Exec Addr    Load Addr    Size         Type   Attr      Idx    E Section Name        Object

    0x08000000   0x08000000   0x00000130   Data   RO          398    RESET               startup_stm32f10x_hd.o
    0x08000130   0x08000130   0x00000008   Code   RO          495  * !!!main             c_w.l(__main.o)
    0x08000138   0x08000138   0x00000034   Code   RO          652    !!!scatter          c_w.l(__scatter.o)
    0x0800016c   0x0800016c   0x00000064   Code   RO          650    !!dclz77c           c_w.l(__dclz77c.o)
    0x080001d0   0x080001d0   0x0000001c   Code   RO          654    !!handler_zi        c_w.l(__scatter_zi.o)
    0x080001ec   0x080001ec   0x00000002   Code   RO          524    .ARM.Collect$$libinit$$00000000  c_w.l(libinit.o)
    0x080001ee   0x080001ee   0x00000000   Code   RO          531    .ARM.Collect$$libinit$$00000002  c_w.l(libinit2.o)
    0x080001ee   0x080001ee   0x00000000   Code   RO          533    .ARM.Collect$$libinit$$00000004  c_w.l(libinit2.o)
    0x080001ee   0x080001ee   0x00000000   Code   RO          536    .ARM.Collect$$libinit$$0000000A  c_w.l(libinit2.o)
    0x080001ee   0x080001ee   0x00000000   Code   RO          538    .ARM.Collect$$libinit$$0000000C  c_w.l(libinit2.o)
    0x080001ee   0x080001ee   0x00000000   Code   RO          540    .ARM.Collect$$libinit$$0000000E  c_w.l(libinit2.o)
    0x080001ee   0x080001ee   0x00000000   Code   RO          543    .ARM.Collect$$libinit$$00000011  c_w.l(libinit2.o)
    0x080001ee   0x080001ee   0x00000000   Code   RO          545    .ARM.Collect$$libinit$$00000013  c_w.l(libinit2.o)
    0x080001ee   0x080001ee   0x00000000   Code   RO          547    .ARM.Collect$$libinit$$00000015  c_w.l(libinit2.o)
    0x080001ee   0x080001ee   0x00000000   Code   RO          549    .ARM.Collect$$libinit$$00000017  c_w.l(libinit2.o)
    0x080001ee   0x080001ee   0x00000000   Code   RO          551    .ARM.Collect$$libinit$$00000019  c_w.l(libinit2.o)
    0x080001ee   0x080001ee   0x00000000   Code   RO          553    .ARM.Collect$$libinit$$0000001B  c_w.l(libinit2.o)
    0x080001ee   0x080001ee   0x00000000   Code   RO          555    .ARM.Collect$$libinit$$0000001D  c_w.l(libinit2.o)
    0x080001ee   0x080001ee   0x00000000   Code   RO          557    .ARM.Collect$$libinit$$0000001F  c_w.l(libinit2.o)
    0x080001ee   0x080001ee   0x00000000   Code   RO          559    .ARM.Collect$$libinit$$00000021  c_w.l(libinit2.o)
    0x080001ee   0x080001ee   0x00000000   Code   RO          561    .ARM.Collect$$libinit$$00000023  c_w.l(libinit2.o)
    0x080001ee   0x080001ee   0x00000000   Code   RO          563    .ARM.Collect$$libinit$$00000025  c_w.l(libinit2.o)
    0x080001ee   0x080001ee   0x00000000   Code   RO          567    .ARM.Collect$$libinit$$0000002C  c_w.l(libinit2.o)
    0x080001ee   0x080001ee   0x00000000   Code   RO          569    .ARM.Collect$$libinit$$0000002E  c_w.l(libinit2.o)
    0x080001ee   0x080001ee   0x00000000   Code   RO          571    .ARM.Collect$$libinit$$00000030  c_w.l(libinit2.o)
    0x080001ee   0x080001ee   0x00000000   Code   RO          573    .ARM.Collect$$libinit$$00000032  c_w.l(libinit2.o)
    0x080001ee   0x080001ee   0x00000002   Code   RO          574    .ARM.Collect$$libinit$$00000033  c_w.l(libinit2.o)
    0x080001f0   0x080001f0   0x00000002   Code   RO          592    .ARM.Collect$$libshutdown$$00000000  c_w.l(libshutdown.o)
    0x080001f2   0x080001f2   0x00000000   Code   RO          602    .ARM.Collect$$libshutdown$$00000002  c_w.l(libshutdown2.o)
    0x080001f2   0x080001f2   0x00000000   Code   RO          604    .ARM.Collect$$libshutdown$$00000004  c_w.l(libshutdown2.o)
    0x080001f2   0x080001f2   0x00000000   Code   RO          607    .ARM.Collect$$libshutdown$$00000007  c_w.l(libshutdown2.o)
    0x080001f2   0x080001f2   0x00000000   Code   RO          610    .ARM.Collect$$libshutdown$$0000000A  c_w.l(libshutdown2.o)
    0x080001f2   0x080001f2   0x00000000   Code   RO          612    .ARM.Collect$$libshutdown$$0000000C  c_w.l(libshutdown2.o)
    0x080001f2   0x080001f2   0x00000000   Code   RO          615    .ARM.Collect$$libshutdown$$0000000F  c_w.l(libshutdown2.o)
    0x080001f2   0x080001f2   0x00000002   Code   RO          616    .ARM.Collect$$libshutdown$$00000010  c_w.l(libshutdown2.o)
    0x080001f4   0x080001f4   0x00000000   Code   RO          499    .ARM.Collect$$rtentry$$00000000  c_w.l(__rtentry.o)
    0x080001f4   0x080001f4   0x00000000   Code   RO          501    .ARM.Collect$$rtentry$$00000002  c_w.l(__rtentry2.o)
    0x080001f4   0x080001f4   0x00000006   Code   RO          513    .ARM.Collect$$rtentry$$00000004  c_w.l(__rtentry4.o)
    0x080001fa   0x080001fa   0x00000000   Code   RO          503    .ARM.Collect$$rtentry$$00000009  c_w.l(__rtentry2.o)
    0x080001fa   0x080001fa   0x00000004   Code   RO          504    .ARM.Collect$$rtentry$$0000000A  c_w.l(__rtentry2.o)
    0x080001fe   0x080001fe   0x00000000   Code   RO          506    .ARM.Collect$$rtentry$$0000000C  c_w.l(__rtentry2.o)
    0x080001fe   0x080001fe   0x00000008   Code   RO          507    .ARM.Collect$$rtentry$$0000000D  c_w.l(__rtentry2.o)
    0x08000206   0x08000206   0x00000002   Code   RO          528    .ARM.Collect$$rtexit$$00000000  c_w.l(rtexit.o)
    0x08000208   0x08000208   0x00000000   Code   RO          576    .ARM.Collect$$rtexit$$00000002  c_w.l(rtexit2.o)
    0x08000208   0x08000208   0x00000004   Code   RO          577    .ARM.Collect$$rtexit$$00000003  c_w.l(rtexit2.o)
    0x0800020c   0x0800020c   0x00000006   Code   RO          578    .ARM.Collect$$rtexit$$00000004  c_w.l(rtexit2.o)
    0x08000212   0x08000212   0x00000002   PAD
    0x08000214   0x08000214   0x00000f48   Code   RO            1    .text               main.o
    0x0800115c   0x0800115c   0x000001e0   Code   RO          139    .text               system_stm32f10x.o
    0x0800133c   0x0800133c   0x0000001a   Code   RO          179    .text               stm32f10x_it.o
    0x08001356   0x08001356   0x00000002   PAD
    0x08001358   0x08001358   0x000002dc   Code   RO          213    .text               pwm.o
    0x08001634   0x08001634   0x00000656   Code   RO          228    .text               oled.o
    0x08001c8a   0x08001c8a   0x00000002   PAD
    0x08001c8c   0x08001c8c   0x000001e0   Code   RO          247    .text               adc.o
    0x08001e6c   0x08001e6c   0x000000f0   Code   RO          262    .text               scan.o
    0x08001f5c   0x08001f5c   0x000000a0   Code   RO          274    .text               buzzer.o
    0x08001ffc   0x08001ffc   0x00000274   Code   RO          286    .text               timer.o
    0x08002270   0x08002270   0x00000078   Code   RO          302    .text               dma.o
    0x080022e8   0x080022e8   0x000002dc   Code   RO          317    .text               move.o
    0x080025c4   0x080025c4   0x000000d4   Code   RO          332    .text               delay.o
    0x08002698   0x08002698   0x00000018   Code   RO          347    .text               sys.o
    0x080026b0   0x080026b0   0x00000140   Code   RO          363    .text               usart.o
    0x080027f0   0x080027f0   0x00000040   Code   RO          399    .text               startup_stm32f10x_hd.o
    0x08002830   0x08002830   0x0000035c   Code   RO          403    .text               stm32f10x_gpio.o
    0x08002b8c   0x08002b8c   0x000003a4   Code   RO          415    .text               stm32f10x_rcc.o
    0x08002f30   0x08002f30   0x00000408   Code   RO          429    .text               stm32f10x_usart.o
    0x08003338   0x08003338   0x000000dc   Code   RO          441    .text               misc.o
    0x08003414   0x08003414   0x00000e1a   Code   RO          453    .text               stm32f10x_tim.o
    0x0800422e   0x0800422e   0x00000002   PAD
    0x08004230   0x08004230   0x0000044e   Code   RO          465    .text               stm32f10x_adc.o
    0x0800467e   0x0800467e   0x00000002   PAD
    0x08004680   0x08004680   0x00000254   Code   RO          477    .text               stm32f10x_dma.o
    0x080048d4   0x080048d4   0x00000002   Code   RO          491    .text               c_w.l(use_no_semi_2.o)
    0x080048d6   0x080048d6   0x00000006   Code   RO          493    .text               c_w.l(heapauxi.o)
    0x080048dc   0x080048dc   0x00000002   Code   RO          497    .text               c_w.l(use_no_semi.o)
    0x080048de   0x080048de   0x0000004a   Code   RO          515    .text               c_w.l(sys_stackheap_outer.o)
    0x08004928   0x08004928   0x00000012   Code   RO          517    .text               c_w.l(exit.o)
    0x0800493a   0x0800493a   0x00000002   PAD
    0x0800493c   0x0800493c   0x00000008   Code   RO          525    .text               c_w.l(libspace.o)
    0x08004944   0x08004944   0x00000818   Data   RO          229    .constdata          oled.o
    0x0800515c   0x0800515c   0x00000020   Data   RO          648    Region$$Table       anon$$obj.o


    Execution Region RW_IRAM1 (Exec base: 0x20000000, Load base: 0x0800517c, Size: 0x00001c68, Max: 0x00010000, ABSOLUTE, COMPRESSED[0x000007e0])

    Exec Addr    Load Addr    Size         Type   Attr      Idx    E Section Name        Object

    0x20000000   COMPRESSED   0x00000100   Data   RW            3    .data               main.o
    0x20000100   COMPRESSED   0x00000014   Data   RW          140    .data               system_stm32f10x.o
    0x20000114   COMPRESSED   0x00000004   Data   RW          214    .data               pwm.o
    0x20000118   COMPRESSED   0x000013c0   Data   RW          230    .data               oled.o
    0x200014d8   COMPRESSED   0x0000000c   Data   RW          287    .data               timer.o
    0x200014e4   COMPRESSED   0x00000001   Data   RW          303    .data               dma.o
    0x200014e5   COMPRESSED   0x00000003   PAD
    0x200014e8   COMPRESSED   0x00000018   Data   RW          318    .data               move.o
    0x20001500   COMPRESSED   0x00000004   Data   RW          333    .data               delay.o
    0x20001504   COMPRESSED   0x00000006   Data   RW          365    .data               usart.o
    0x2000150a   COMPRESSED   0x00000014   Data   RW          416    .data               stm32f10x_rcc.o
    0x2000151e   COMPRESSED   0x00000002   PAD
    0x20001520        -       0x0000001e   Zero   RW            2    .bss                main.o
    0x2000153e        -       0x000000c8   Zero   RW          364    .bss                usart.o
    0x20001606   COMPRESSED   0x00000002   PAD
    0x20001608        -       0x00000060   Zero   RW          526    .bss                c_w.l(libspace.o)
    0x20001668        -       0x00000200   Zero   RW          397    HEAP                startup_stm32f10x_hd.o
    0x20001868        -       0x00000400   Zero   RW          396    STACK               startup_stm32f10x_hd.o


==============================================================================

Image component sizes


      Code (inc. data)   RO Data    RW Data    ZI Data      Debug   Object Name

       480         18          0          0          0       1211   adc.o
       160         10          0          0          0        857   buzzer.o
       212         18          0          4          0       1035   delay.o
       120         10          0          1          0       1411   dma.o
      3912        352          0        256         30     279300   main.o
       220         22          0          0          0       1793   misc.o
       732         16          0         24          0       2324   move.o
      1622         20       2072       5056          0       6168   oled.o
       732         28          0          4          0       2146   pwm.o
       240         12          0          0          0       1446   scan.o
        64         26        304          0       1536        788   startup_stm32f10x_hd.o
      1102         26          0          0          0      11033   stm32f10x_adc.o
       596          8          0          0          0       4358   stm32f10x_dma.o
       860         38          0          0          0       5725   stm32f10x_gpio.o
        26          0          0          0          0       1178   stm32f10x_it.o
       932         36          0         20          0       8900   stm32f10x_rcc.o
      3610         88          0          0          0      22832   stm32f10x_tim.o
      1032         22          0          0          0       8452   stm32f10x_usart.o
        24          0          0          0          0        798   sys.o
       480         38          0         20          0       1731   system_stm32f10x.o
       628         88          0         12          0       1951   timer.o
       320         16          0          6        200       3162   usart.o

    ----------------------------------------------------------------------
     18112        892       2408       5408       1768     368599   Object Totals
         0          0         32          0          0          0   (incl. Generated)
         8          0          0          5          2          0   (incl. Padding)

    ----------------------------------------------------------------------

      Code (inc. data)   RO Data    RW Data    ZI Data      Debug   Library Member Name

       100          0          0          0          0          0   __dclz77c.o
         8          0          0          0          0         68   __main.o
         0          0          0          0          0          0   __rtentry.o
        12          0          0          0          0          0   __rtentry2.o
         6          0          0          0          0          0   __rtentry4.o
        52          8          0          0          0          0   __scatter.o
        28          0          0          0          0          0   __scatter_zi.o
        18          0          0          0          0         80   exit.o
         6          0          0          0          0        152   heapauxi.o
         2          0          0          0          0          0   libinit.o
         2          0          0          0          0          0   libinit2.o
         2          0          0          0          0          0   libshutdown.o
         2          0          0          0          0          0   libshutdown2.o
         8          4          0          0         96         68   libspace.o
         2          0          0          0          0          0   rtexit.o
        10          0          0          0          0          0   rtexit2.o
        74          0          0          0          0         80   sys_stackheap_outer.o
         2          0          0          0          0         68   use_no_semi.o
         2          0          0          0          0         68   use_no_semi_2.o

    ----------------------------------------------------------------------
       340         12          0          0         96        584   Library Totals
         4          0          0          0          0          0   (incl. Padding)

    ----------------------------------------------------------------------

      Code (inc. data)   RO Data    RW Data    ZI Data      Debug   Library Name

       336         12          0          0         96        584   c_w.l

    ----------------------------------------------------------------------
       340         12          0          0         96        584   Library Totals

    ----------------------------------------------------------------------

==============================================================================


      Code (inc. data)   RO Data    RW Data    ZI Data      Debug   

     18452        904       2408       5408       1864     367151   Grand Totals
     18452        904       2408       2016       1864     367151   ELF Image Totals (compressed)
     18452        904       2408       2016          0          0   ROM Totals

==============================================================================

    Total RO  Size (Code + RO Data)                20860 (  20.37kB)
    Total RW  Size (RW Data + ZI Data)              7272 (   7.10kB)
    Total ROM Size (Code + RO Data + RW Data)      22876 (  22.34kB)

==============================================================================

